---
source: crates/avian3d/../../src/tests.rs
expression: bodies
---
[
    (
        Id(
            0,
        ),
        Transform {
            translation: Vec3(
                -566.0387,
                -398.10693,
                -36.45327,
            ),
            rotation: Quat(
                -0.12799275,
                -0.7510616,
                -0.3279427,
                -0.55854976,
            ),
            scale: Vec3(
                1.0,
                1.0,
                1.0,
            ),
        },
    ),
    (
        Id(
            1,
        ),
        Transform {
            translation: Vec3(
                -552.2163,
                -416.50217,
                22.113495,
            ),
            rotation: Quat(
                0.0070674107,
                -0.7068353,
                0.022931691,
                0.706971,
            ),
            scale: Vec3(
                1.0,
                1.0,
                1.0,
            ),
        },
    ),
    (
        Id(
            2,
        ),
        Transform {
            translation: Vec3(
                -559.7453,
                -390.97278,
                94.06512,
            ),
            rotation: Quat(
                -0.12667885,
                -0.13249736,
                0.063715816,
                0.98098785,
            ),
            scale: Vec3(
                1.0,
                1.0,
                1.0,
            ),
        },
    ),
    (
        Id(
            3,
        ),
        Transform {
            translation: Vec3(
                -488.00095,
                -409.99368,
                -71.46181,
            ),
            rotation: Quat(
                0.7075715,
                0.037856944,
                0.4531979,
                0.5408522,
            ),
            scale: Vec3(
                1.0,
                1.0,
                1.0,
            ),
        },
    ),
    (
        Id(
            4,
        ),
        Transform {
            translation: Vec3(
                -480.08618,
                -408.0358,
                57.31868,
            ),
            rotation: Quat(
                0.0066255676,
                -0.9065087,
                0.008511656,
                0.42204943,
            ),
            scale: Vec3(
                1.0,
                1.0,
                1.0,
            ),
        },
    ),
    (
        Id(
            5,
        ),
        Transform {
            translation: Vec3(
                -488.77072,
                -388.7712,
                -8.219928,
            ),
            rotation: Quat(
                0.0020103566,
                0.33713248,
                0.12942763,
                0.93251604,
            ),
            scale: Vec3(
                1.0,
                1.0,
                1.0,
            ),
        },
    ),
    (
        Id(
            6,
        ),
        Transform {
            translation: Vec3(
                -423.84027,
                -399.86194,
                -20.526829,
            ),
            rotation: Quat(
                0.007934973,
                -0.9603446,
                -0.09390748,
                -0.26240543,
            ),
            scale: Vec3(
                1.0,
                1.0,
                1.0,
            ),
        },
    ),
    (
        Id(
            7,
        ),
        Transform {
            translation: Vec3(
                -423.47873,
                -365.22546,
                -57.431538,
            ),
            rotation: Quat(
                0.9831158,
                -0.11159522,
                0.14342926,
                -0.021398846,
            ),
            scale: Vec3(
                1.0,
                1.0,
                1.0,
            ),
        },
    ),
    (
        Id(
            8,
        ),
        Transform {
            translation: Vec3(
                -424.63577,
                -397.18237,
                72.93952,
            ),
            rotation: Quat(
                -0.004255945,
                0.5562522,
                0.155999,
                -0.816229,
            ),
            scale: Vec3(
                1.0,
                1.0,
                1.0,
            ),
        },
    ),
    (
        Id(
            9,
        ),
        Transform {
            translation: Vec3(
                -384.65823,
                -390.57553,
                -17.36739,
            ),
            rotation: Quat(
                0.20328926,
                -0.78223276,
                0.58191323,
                -0.090345584,
            ),
            scale: Vec3(
                1.0,
                1.0,
                1.0,
            ),
        },
    ),
    (
        Id(
            10,
        ),
        Transform {
            translation: Vec3(
                -387.77786,
                -414.5063,
                64.85764,
            ),
            rotation: Quat(
                -0.19537535,
                0.011937183,
                0.03705135,
                0.9799557,
            ),
            scale: Vec3(
                1.0,
                1.0,
                1.0,
            ),
        },
    ),
    (
        Id(
            11,
        ),
        Transform {
            translation: Vec3(
                -379.95105,
                -390.082,
                -68.82509,
            ),
            rotation: Quat(
                -0.27481622,
                -0.038455185,
                0.028899444,
                -0.9602927,
            ),
            scale: Vec3(
                1.0,
                1.0,
                1.0,
            ),
        },
    ),
    (
        Id(
            12,
        ),
        Transform {
            translation: Vec3(
                -324.93945,
                -375.4259,
                26.666132,
            ),
            rotation: Quat(
                0.067426346,
                -0.2906373,
                -0.039881278,
                0.9536211,
            ),
            scale: Vec3(
                1.0,
                1.0,
                1.0,
            ),
        },
    ),
    (
        Id(
            13,
        ),
        Transform {
            translation: Vec3(
                -332.33548,
                -391.60757,
                -97.97203,
            ),
            rotation: Quat(
                0.12794356,
                -0.11199739,
                0.10377343,
                -0.97995824,
            ),
            scale: Vec3(
                1.0,
                1.0,
                1.0,
            ),
        },
    ),
    (
        Id(
            14,
        ),
        Transform {
            translation: Vec3(
                -298.32062,
                -401.85626,
                98.09359,
            ),
            rotation: Quat(
                -0.82454807,
                -0.27603802,
                0.03121074,
                0.492899,
            ),
            scale: Vec3(
                1.0,
                1.0,
                1.0,
            ),
        },
    ),
    (
        Id(
            15,
        ),
        Transform {
            translation: Vec3(
                -253.10551,
                -351.57898,
                5.5713186,
            ),
            rotation: Quat(
                -0.073565684,
                0.07971471,
                0.16666399,
                -0.980029,
            ),
            scale: Vec3(
                1.0,
                1.0,
                1.0,
            ),
        },
    ),
    (
        Id(
            16,
        ),
        Transform {
            translation: Vec3(
                -248.67839,
                -347.94406,
                19.501785,
            ),
            rotation: Quat(
                0.062684685,
                -0.22196986,
                0.18910737,
                -0.95448333,
            ),
            scale: Vec3(
                1.0,
                1.0,
                1.0,
            ),
        },
    ),
    (
        Id(
            17,
        ),
        Transform {
            translation: Vec3(
                -251.95303,
                -344.83606,
                -57.796833,
            ),
            rotation: Quat(
                0.028243199,
                0.97501534,
                0.06011461,
                0.21197554,
            ),
            scale: Vec3(
                1.0,
                1.0,
                1.0,
            ),
        },
    ),
    (
        Id(
            18,
        ),
        Transform {
            translation: Vec3(
                -262.6318,
                -365.13144,
                39.48478,
            ),
            rotation: Quat(
                0.31443045,
                0.11646989,
                0.49070528,
                0.8042242,
            ),
            scale: Vec3(
                1.0,
                1.0,
                1.0,
            ),
        },
    ),
    (
        Id(
            19,
        ),
        Transform {
            translation: Vec3(
                -147.8952,
                -285.78964,
                -69.61806,
            ),
            rotation: Quat(
                0.08960971,
                0.6310025,
                -0.08227439,
                -0.7661833,
            ),
            scale: Vec3(
                1.0,
                1.0,
                1.0,
            ),
        },
    ),
    (
        Id(
            20,
        ),
        Transform {
            translation: Vec3(
                -217.85373,
                -359.09824,
                -12.366879,
            ),
            rotation: Quat(
                -0.30809414,
                -0.24982333,
                -0.7273448,
                0.56003195,
            ),
            scale: Vec3(
                1.0,
                1.0,
                1.0,
            ),
        },
    ),
    (
        Id(
            21,
        ),
        Transform {
            translation: Vec3(
                -160.86192,
                -292.85837,
                52.514477,
            ),
            rotation: Quat(
                0.63304466,
                0.73624146,
                -0.19782211,
                -0.13442244,
            ),
            scale: Vec3(
                1.0,
                1.0,
                1.0,
            ),
        },
    ),
    (
        Id(
            22,
        ),
        Transform {
            translation: Vec3(
                -128.66928,
                -262.14722,
                0.6681517,
            ),
            rotation: Quat(
                0.55944425,
                0.04529979,
                -0.8102539,
                0.16869687,
            ),
            scale: Vec3(
                1.0,
                1.0,
                1.0,
            ),
        },
    ),
    (
        Id(
            23,
        ),
        Transform {
            translation: Vec3(
                -98.78713,
                -218.91908,
                -63.337097,
            ),
            rotation: Quat(
                -0.07953892,
                -0.038370386,
                0.76429284,
                -0.63879395,
            ),
            scale: Vec3(
                1.0,
                1.0,
                1.0,
            ),
        },
    ),
    (
        Id(
            24,
        ),
        Transform {
            translation: Vec3(
                -79.56536,
                -172.78795,
                -6.901678,
            ),
            rotation: Quat(
                0.2910583,
                -0.7976206,
                0.3965106,
                -0.34909284,
            ),
            scale: Vec3(
                1.0,
                1.0,
                1.0,
            ),
        },
    ),
    (
        Id(
            25,
        ),
        Transform {
            translation: Vec3(
                -35.409454,
                0.49997926,
                2.5718796,
            ),
            rotation: Quat(
                -2.846763e-9,
                -0.83180183,
                -2.838804e-9,
                0.5550727,
            ),
            scale: Vec3(
                1.0,
                1.0,
                1.0,
            ),
        },
    ),
    (
        Id(
            26,
        ),
        Transform {
            translation: Vec3(
                -31.857582,
                0.49997926,
                25.449226,
            ),
            rotation: Quat(
                0.059111964,
                0.059111964,
                -0.7046317,
                -0.7046317,
            ),
            scale: Vec3(
                1.0,
                1.0,
                1.0,
            ),
        },
    ),
    (
        Id(
            27,
        ),
        Transform {
            translation: Vec3(
                -32.456875,
                0.49997926,
                -9.217476,
            ),
            rotation: Quat(
                0.53428465,
                -0.53428465,
                0.4631845,
                -0.4631845,
            ),
            scale: Vec3(
                1.0,
                1.0,
                1.0,
            ),
        },
    ),
    (
        Id(
            28,
        ),
        Transform {
            translation: Vec3(
                -12.605321,
                0.49997926,
                -9.746261,
            ),
            rotation: Quat(
                0.7067595,
                -0.022158295,
                0.022158293,
                0.7067595,
            ),
            scale: Vec3(
                1.0,
                1.0,
                1.0,
            ),
        },
    ),
    (
        Id(
            29,
        ),
        Transform {
            translation: Vec3(
                -11.673926,
                0.49997926,
                8.139674,
            ),
            rotation: Quat(
                2.990586e-10,
                0.9553553,
                -1.1694015e-9,
                0.2954595,
            ),
            scale: Vec3(
                1.0,
                1.0,
                1.0,
            ),
        },
    ),
    (
        Id(
            30,
        ),
        Transform {
            translation: Vec3(
                -7.143199,
                0.49997923,
                -10.356604,
            ),
            rotation: Quat(
                0.21644299,
                0.21644299,
                -0.673166,
                -0.673166,
            ),
            scale: Vec3(
                1.0,
                1.0,
                1.0,
            ),
        },
    ),
    (
        Id(
            31,
        ),
        Transform {
            translation: Vec3(
                -0.44123662,
                0.49997926,
                -1.9231594,
            ),
            rotation: Quat(
                1.5702984e-9,
                -0.19268186,
                6.4572e-10,
                0.98126125,
            ),
            scale: Vec3(
                1.0,
                1.0,
                1.0,
            ),
        },
    ),
    (
        Id(
            32,
        ),
        Transform {
            translation: Vec3(
                0.8226128,
                0.49997926,
                17.568487,
            ),
            rotation: Quat(
                -1.0366372e-10,
                -0.96487457,
                2.1231878e-9,
                0.26271108,
            ),
            scale: Vec3(
                1.0,
                1.0,
                1.0,
            ),
        },
    ),
    (
        Id(
            33,
        ),
        Transform {
            translation: Vec3(
                6.653332,
                0.49997926,
                -12.561057,
            ),
            rotation: Quat(
                0.044418804,
                0.044418804,
                0.70571023,
                0.70571023,
            ),
            scale: Vec3(
                1.0,
                1.0,
                1.0,
            ),
        },
    ),
    (
        Id(
            34,
        ),
        Transform {
            translation: Vec3(
                3.021547,
                0.49997926,
                -0.08144448,
            ),
            rotation: Quat(
                1.737452e-9,
                -0.40658036,
                1.7040939e-9,
                0.91361505,
            ),
            scale: Vec3(
                1.0,
                1.0,
                1.0,
            ),
        },
    ),
    (
        Id(
            35,
        ),
        Transform {
            translation: Vec3(
                8.626593,
                0.49997926,
                -19.554558,
            ),
            rotation: Quat(
                0.59506583,
                -0.3819642,
                -0.3819642,
                -0.59506583,
            ),
            scale: Vec3(
                1.0,
                1.0,
                1.0,
            ),
        },
    ),
    (
        Id(
            36,
        ),
        Transform {
            translation: Vec3(
                16.93893,
                0.49997926,
                14.428083,
            ),
            rotation: Quat(
                0.6822697,
                -0.6822697,
                -0.18576348,
                0.18576348,
            ),
            scale: Vec3(
                1.0,
                1.0,
                1.0,
            ),
        },
    ),
    (
        Id(
            37,
        ),
        Transform {
            translation: Vec3(
                18.795513,
                0.49997926,
                1.4841994,
            ),
            rotation: Quat(
                1.1794237e-9,
                0.6826339,
                -3.787778e-9,
                0.7307606,
            ),
            scale: Vec3(
                1.0,
                1.0,
                1.0,
            ),
        },
    ),
    (
        Id(
            38,
        ),
        Transform {
            translation: Vec3(
                35.59187,
                0.49997926,
                9.153093,
            ),
            rotation: Quat(
                -0.331733,
                0.331733,
                -0.62446237,
                0.62446237,
            ),
            scale: Vec3(
                1.0,
                1.0,
                1.0,
            ),
        },
    ),
    (
        Id(
            39,
        ),
        Transform {
            translation: Vec3(
                30.791437,
                0.49997926,
                -10.002895,
            ),
            rotation: Quat(
                3.826998e-9,
                -0.19465186,
                1.8253931e-9,
                0.9808724,
            ),
            scale: Vec3(
                1.0,
                1.0,
                1.0,
            ),
        },
    ),
    (
        Id(
            40,
        ),
        Transform {
            translation: Vec3(
                127.22306,
                -256.89453,
                51.92011,
            ),
            rotation: Quat(
                -0.65074545,
                -0.53173286,
                0.35164306,
                0.4124775,
            ),
            scale: Vec3(
                1.0,
                1.0,
                1.0,
            ),
        },
    ),
    (
        Id(
            41,
        ),
        Transform {
            translation: Vec3(
                126.91524,
                -260.5037,
                -50.391994,
            ),
            rotation: Quat(
                0.7014044,
                -0.11817861,
                -0.5232937,
                -0.4692861,
            ),
            scale: Vec3(
                1.0,
                1.0,
                1.0,
            ),
        },
    ),
    (
        Id(
            42,
        ),
        Transform {
            translation: Vec3(
                108.07172,
                -241.74835,
                -16.104998,
            ),
            rotation: Quat(
                -0.08434099,
                -0.941015,
                0.13547575,
                -0.29836842,
            ),
            scale: Vec3(
                1.0,
                1.0,
                1.0,
            ),
        },
    ),
    (
        Id(
            43,
        ),
        Transform {
            translation: Vec3(
                217.59285,
                -351.2791,
                -15.446975,
            ),
            rotation: Quat(
                -0.751958,
                0.13747329,
                0.31650522,
                -0.5616802,
            ),
            scale: Vec3(
                1.0,
                1.0,
                1.0,
            ),
        },
    ),
    (
        Id(
            44,
        ),
        Transform {
            translation: Vec3(
                168.40056,
                -300.95724,
                60.97862,
            ),
            rotation: Quat(
                0.060215663,
                -0.9765449,
                0.035992842,
                -0.20356485,
            ),
            scale: Vec3(
                1.0,
                1.0,
                1.0,
            ),
        },
    ),
    (
        Id(
            45,
        ),
        Transform {
            translation: Vec3(
                200.13338,
                -324.44717,
                -61.571365,
            ),
            rotation: Quat(
                0.1961916,
                -0.8795977,
                -0.04820894,
                0.4306885,
            ),
            scale: Vec3(
                1.0,
                1.0,
                1.0,
            ),
        },
    ),
    (
        Id(
            46,
        ),
        Transform {
            translation: Vec3(
                232.37112,
                -345.10107,
                6.4247713,
            ),
            rotation: Quat(
                -0.43621746,
                0.72627497,
                0.5188067,
                -0.11436186,
            ),
            scale: Vec3(
                1.0,
                1.0,
                1.0,
            ),
        },
    ),
    (
        Id(
            47,
        ),
        Transform {
            translation: Vec3(
                252.10503,
                -348.49408,
                -53.116302,
            ),
            rotation: Quat(
                0.54159606,
                0.2915163,
                0.43004003,
                0.66087633,
            ),
            scale: Vec3(
                1.0,
                1.0,
                1.0,
            ),
        },
    ),
    (
        Id(
            48,
        ),
        Transform {
            translation: Vec3(
                237.62627,
                -345.00845,
                110.622025,
            ),
            rotation: Quat(
                -0.6129235,
                0.6932713,
                0.26860955,
                -0.2674857,
            ),
            scale: Vec3(
                1.0,
                1.0,
                1.0,
            ),
        },
    ),
    (
        Id(
            49,
        ),
        Transform {
            translation: Vec3(
                325.27518,
                -369.37402,
                -86.71703,
            ),
            rotation: Quat(
                0.903091,
                0.07971794,
                0.40469897,
                -0.11954247,
            ),
            scale: Vec3(
                1.0,
                1.0,
                1.0,
            ),
        },
    ),
    (
        Id(
            50,
        ),
        Transform {
            translation: Vec3(
                341.37973,
                -405.7966,
                -15.980265,
            ),
            rotation: Quat(
                0.123997726,
                -0.013457191,
                -0.97806823,
                -0.16681129,
            ),
            scale: Vec3(
                1.0,
                1.0,
                1.0,
            ),
        },
    ),
    (
        Id(
            51,
        ),
        Transform {
            translation: Vec3(
                368.97137,
                -377.82364,
                -46.247272,
            ),
            rotation: Quat(
                0.9873519,
                -0.13096485,
                -0.08899528,
                0.00801578,
            ),
            scale: Vec3(
                1.0,
                1.0,
                1.0,
            ),
        },
    ),
    (
        Id(
            52,
        ),
        Transform {
            translation: Vec3(
                314.42972,
                -374.53027,
                49.65302,
            ),
            rotation: Quat(
                0.09713096,
                -0.87884986,
                -0.05239554,
                0.4641586,
            ),
            scale: Vec3(
                1.0,
                1.0,
                1.0,
            ),
        },
    ),
    (
        Id(
            53,
        ),
        Transform {
            translation: Vec3(
                376.84662,
                -370.7902,
                51.40152,
            ),
            rotation: Quat(
                -0.6059263,
                0.22584535,
                -0.23046547,
                0.7271402,
            ),
            scale: Vec3(
                1.0,
                1.0,
                1.0,
            ),
        },
    ),
    (
        Id(
            54,
        ),
        Transform {
            translation: Vec3(
                397.2753,
                -390.8416,
                -39.321224,
            ),
            rotation: Quat(
                -0.036770947,
                0.16636808,
                -0.048509397,
                -0.98418313,
            ),
            scale: Vec3(
                1.0,
                1.0,
                1.0,
            ),
        },
    ),
    (
        Id(
            55,
        ),
        Transform {
            translation: Vec3(
                433.3423,
                -373.02762,
                -51.623463,
            ),
            rotation: Quat(
                -0.84398246,
                -0.16137713,
                -0.41533238,
                0.29858002,
            ),
            scale: Vec3(
                1.0,
                1.0,
                1.0,
            ),
        },
    ),
    (
        Id(
            56,
        ),
        Transform {
            translation: Vec3(
                411.2424,
                -399.9787,
                61.324154,
            ),
            rotation: Quat(
                0.094326876,
                0.9079658,
                0.1031921,
                -0.39503413,
            ),
            scale: Vec3(
                1.0,
                1.0,
                1.0,
            ),
        },
    ),
    (
        Id(
            57,
        ),
        Transform {
            translation: Vec3(
                455.6443,
                -401.73993,
                -38.218033,
            ),
            rotation: Quat(
                0.039764557,
                0.96844375,
                -0.12874176,
                -0.20966893,
            ),
            scale: Vec3(
                1.0,
                1.0,
                1.0,
            ),
        },
    ),
    (
        Id(
            58,
        ),
        Transform {
            translation: Vec3(
                465.56915,
                -386.2972,
                -6.1287074,
            ),
            rotation: Quat(
                0.32271704,
                -0.10194938,
                -0.05449488,
                0.93940955,
            ),
            scale: Vec3(
                1.0,
                1.0,
                1.0,
            ),
        },
    ),
    (
        Id(
            59,
        ),
        Transform {
            translation: Vec3(
                443.5806,
                -413.12665,
                82.70784,
            ),
            rotation: Quat(
                0.84925437,
                0.3710521,
                0.013434409,
                -0.37537566,
            ),
            scale: Vec3(
                1.0,
                1.0,
                1.0,
            ),
        },
    ),
    (
        Id(
            60,
        ),
        Transform {
            translation: Vec3(
                499.68893,
                -308.92242,
                -5.815841,
            ),
            rotation: Quat(
                0.59241116,
                -0.12267357,
                0.18352026,
                -0.7748035,
            ),
            scale: Vec3(
                1.0,
                1.0,
                1.0,
            ),
        },
    ),
    (
        Id(
            61,
        ),
        Transform {
            translation: Vec3(
                508.37286,
                -413.23254,
                64.353424,
            ),
            rotation: Quat(
                -0.10794788,
                -0.5756438,
                0.49287668,
                0.64347035,
            ),
            scale: Vec3(
                1.0,
                1.0,
                1.0,
            ),
        },
    ),
    (
        Id(
            62,
        ),
        Transform {
            translation: Vec3(
                561.03357,
                -416.75836,
                -54.193733,
            ),
            rotation: Quat(
                0.27597392,
                -0.2069522,
                0.0947299,
                -0.93382835,
            ),
            scale: Vec3(
                1.0,
                1.0,
                1.0,
            ),
        },
    ),
    (
        Id(
            63,
        ),
        Transform {
            translation: Vec3(
                561.6653,
                -417.9302,
                -20.299732,
            ),
            rotation: Quat(
                -0.012280911,
                0.7804787,
                0.051934797,
                0.6229004,
            ),
            scale: Vec3(
                1.0,
                1.0,
                1.0,
            ),
        },
    ),
]
