---
source: crates/avian3d/../../src/tests.rs
expression: bodies
---
[
    (
        Id(
            0,
        ),
        Transform {
            translation: Vec3(
                -4.646347,
                0.4999591,
                -4.3787823,
            ),
            rotation: Quat(
                4.7556427e-6,
                -0.029398948,
                3.2611567e-6,
                0.99956775,
            ),
            scale: Vec3(
                1.0,
                1.0,
                1.0,
            ),
        },
    ),
    (
        Id(
            1,
        ),
        Transform {
            translation: Vec3(
                -4.2024937,
                0.4997557,
                -2.1592946,
            ),
            rotation: Quat(
                9.1110785e-5,
                -0.017058207,
                -2.3438868e-5,
                0.9998545,
            ),
            scale: Vec3(
                1.0,
                1.0,
                1.0,
            ),
        },
    ),
    (
        Id(
            2,
        ),
        Transform {
            translation: Vec3(
                -4.7797375,
                0.4998251,
                -0.07948484,
            ),
            rotation: Quat(
                9.014183e-6,
                -0.054643825,
                6.7920504e-5,
                0.9985059,
            ),
            scale: Vec3(
                1.0,
                1.0,
                1.0,
            ),
        },
    ),
    (
        Id(
            3,
        ),
        Transform {
            translation: Vec3(
                -4.2388086,
                0.4999042,
                2.06884,
            ),
            rotation: Quat(
                -2.3133278e-5,
                0.003328703,
                5.386467e-5,
                0.99999446,
            ),
            scale: Vec3(
                1.0,
                1.0,
                1.0,
            ),
        },
    ),
    (
        Id(
            4,
        ),
        Transform {
            translation: Vec3(
                -2.1500123,
                0.4999491,
                -4.275093,
            ),
            rotation: Quat(
                2.5672283e-5,
                0.0021025762,
                1.294239e-6,
                0.9999978,
            ),
            scale: Vec3(
                1.0,
                1.0,
                1.0,
            ),
        },
    ),
    (
        Id(
            5,
        ),
        Transform {
            translation: Vec3(
                -2.0745022,
                0.49982762,
                -2.2733061,
            ),
            rotation: Quat(
                1.865628e-5,
                0.003075658,
                -7.563971e-6,
                0.9999953,
            ),
            scale: Vec3(
                1.0,
                1.0,
                1.0,
            ),
        },
    ),
    (
        Id(
            6,
        ),
        Transform {
            translation: Vec3(
                -2.3601038,
                0.49989706,
                -0.022070479,
            ),
            rotation: Quat(
                3.4112334e-5,
                0.0612895,
                -7.4286468e-6,
                0.99812,
            ),
            scale: Vec3(
                1.0,
                1.0,
                1.0,
            ),
        },
    ),
    (
        Id(
            7,
        ),
        Transform {
            translation: Vec3(
                -2.1824806,
                0.49996462,
                2.1142936,
            ),
            rotation: Quat(
                1.7327793e-5,
                0.010478807,
                1.9791046e-6,
                0.9999451,
            ),
            scale: Vec3(
                1.0,
                1.0,
                1.0,
            ),
        },
    ),
    (
        Id(
            8,
        ),
        Transform {
            translation: Vec3(
                0.05370978,
                0.4999762,
                -4.4072847,
            ),
            rotation: Quat(
                5.8642826e-8,
                0.00082006154,
                -4.8956116e-7,
                0.99999964,
            ),
            scale: Vec3(
                1.0,
                1.0,
                1.0,
            ),
        },
    ),
    (
        Id(
            9,
        ),
        Transform {
            translation: Vec3(
                0.08098442,
                0.49972048,
                -2.1205778,
            ),
            rotation: Quat(
                7.311191e-5,
                -0.01542716,
                -5.4919077e-5,
                0.99988097,
            ),
            scale: Vec3(
                1.0,
                1.0,
                1.0,
            ),
        },
    ),
    (
        Id(
            10,
        ),
        Transform {
            translation: Vec3(
                -0.2369832,
                0.49989268,
                0.018491898,
            ),
            rotation: Quat(
                -2.0378855e-5,
                -0.0049376953,
                -3.3280823e-5,
                0.9999878,
            ),
            scale: Vec3(
                1.0,
                1.0,
                1.0,
            ),
        },
    ),
    (
        Id(
            11,
        ),
        Transform {
            translation: Vec3(
                0.115132004,
                0.49993527,
                2.0754228,
            ),
            rotation: Quat(
                -9.448019e-6,
                -0.0133411065,
                3.483749e-6,
                0.999911,
            ),
            scale: Vec3(
                1.0,
                1.0,
                1.0,
            ),
        },
    ),
    (
        Id(
            12,
        ),
        Transform {
            translation: Vec3(
                2.149697,
                0.49992615,
                -4.368607,
            ),
            rotation: Quat(
                3.8102771e-6,
                -0.020556374,
                3.292933e-5,
                0.9997887,
            ),
            scale: Vec3(
                1.0,
                1.0,
                1.0,
            ),
        },
    ),
    (
        Id(
            13,
        ),
        Transform {
            translation: Vec3(
                2.2136893,
                0.49989322,
                -2.306342,
            ),
            rotation: Quat(
                -7.636408e-6,
                0.0119433515,
                -2.8830332e-6,
                0.99992865,
            ),
            scale: Vec3(
                1.0,
                1.0,
                1.0,
            ),
        },
    ),
    (
        Id(
            14,
        ),
        Transform {
            translation: Vec3(
                2.076585,
                0.49991122,
                -0.14008814,
            ),
            rotation: Quat(
                -1.9666464e-7,
                0.012777385,
                1.2732834e-5,
                0.99991834,
            ),
            scale: Vec3(
                1.0,
                1.0,
                1.0,
            ),
        },
    ),
    (
        Id(
            15,
        ),
        Transform {
            translation: Vec3(
                2.1978621,
                0.49886867,
                2.1298432,
            ),
            rotation: Quat(
                3.234804e-5,
                0.027368108,
                5.649597e-6,
                0.99962544,
            ),
            scale: Vec3(
                1.0,
                1.0,
                1.0,
            ),
        },
    ),
    (
        Id(
            16,
        ),
        Transform {
            translation: Vec3(
                -4.5672174,
                0.4999664,
                -7.244616,
            ),
            rotation: Quat(
                -0.70225936,
                -0.082643256,
                -0.082645625,
                0.70226175,
            ),
            scale: Vec3(
                1.0,
                1.0,
                1.0,
            ),
        },
    ),
    (
        Id(
            17,
        ),
        Transform {
            translation: Vec3(
                -4.5387993,
                2.499503,
                -2.6489015,
            ),
            rotation: Quat(
                0.00012432151,
                0.104323655,
                4.8574046e-5,
                0.9945434,
            ),
            scale: Vec3(
                1.0,
                1.0,
                1.0,
            ),
        },
    ),
    (
        Id(
            18,
        ),
        Transform {
            translation: Vec3(
                -4.4419904,
                2.499509,
                8.819465e-5,
            ),
            rotation: Quat(
                -0.00013605812,
                0.10891755,
                7.9354286e-5,
                0.9940508,
            ),
            scale: Vec3(
                1.0,
                1.0,
                1.0,
            ),
        },
    ),
    (
        Id(
            19,
        ),
        Transform {
            translation: Vec3(
                -4.202928,
                0.49995348,
                5.1438985,
            ),
            rotation: Quat(
                0.7060865,
                -0.037982788,
                0.037952427,
                0.70608693,
            ),
            scale: Vec3(
                1.0,
                1.0,
                1.0,
            ),
        },
    ),
    (
        Id(
            20,
        ),
        Transform {
            translation: Vec3(
                -2.4390821,
                0.49996585,
                -6.6955404,
            ),
            rotation: Quat(
                -0.70709723,
                -0.0035412603,
                -0.003536643,
                0.7070986,
            ),
            scale: Vec3(
                1.0,
                1.0,
                1.0,
            ),
        },
    ),
    (
        Id(
            21,
        ),
        Transform {
            translation: Vec3(
                -2.1531186,
                2.4995897,
                -2.8008714,
            ),
            rotation: Quat(
                7.338802e-5,
                -0.030062793,
                0.000105694286,
                0.999548,
            ),
            scale: Vec3(
                1.0,
                1.0,
                1.0,
            ),
        },
    ),
    (
        Id(
            22,
        ),
        Transform {
            translation: Vec3(
                -2.2086668,
                2.4995525,
                0.6023764,
            ),
            rotation: Quat(
                -0.00043868434,
                0.06880282,
                5.2776293e-5,
                0.9976302,
            ),
            scale: Vec3(
                1.0,
                1.0,
                1.0,
            ),
        },
    ),
    (
        Id(
            23,
        ),
        Transform {
            translation: Vec3(
                -2.0613334,
                0.49996012,
                5.7457366,
            ),
            rotation: Quat(
                0.7070809,
                0.0052173124,
                -0.0052054636,
                0.70709425,
            ),
            scale: Vec3(
                1.0,
                1.0,
                1.0,
            ),
        },
    ),
    (
        Id(
            24,
        ),
        Transform {
            translation: Vec3(
                -0.4420073,
                0.49997634,
                -7.934233,
            ),
            rotation: Quat(
                -0.70633775,
                0.032971486,
                0.032971498,
                0.7063375,
            ),
            scale: Vec3(
                1.0,
                1.0,
                1.0,
            ),
        },
    ),
    (
        Id(
            25,
        ),
        Transform {
            translation: Vec3(
                0.23002858,
                2.499483,
                -2.2502003,
            ),
            rotation: Quat(
                9.271085e-5,
                -0.02696391,
                0.00010678071,
                0.9996364,
            ),
            scale: Vec3(
                1.0,
                1.0,
                1.0,
            ),
        },
    ),
    (
        Id(
            26,
        ),
        Transform {
            translation: Vec3(
                -0.046841986,
                2.4996662,
                0.49766952,
            ),
            rotation: Quat(
                -3.5227255e-5,
                0.04022993,
                -5.3162767e-6,
                0.99919045,
            ),
            scale: Vec3(
                1.0,
                1.0,
                1.0,
            ),
        },
    ),
    (
        Id(
            27,
        ),
        Transform {
            translation: Vec3(
                0.38158867,
                0.49997634,
                4.436713,
            ),
            rotation: Quat(
                0.70691013,
                -0.016676866,
                0.016676856,
                0.7069101,
            ),
            scale: Vec3(
                1.0,
                1.0,
                1.0,
            ),
        },
    ),
    (
        Id(
            28,
        ),
        Transform {
            translation: Vec3(
                2.6492558,
                0.4999757,
                -9.009405,
            ),
            rotation: Quat(
                -0.7003727,
                0.09735423,
                0.09735464,
                0.700373,
            ),
            scale: Vec3(
                1.0,
                1.0,
                1.0,
            ),
        },
    ),
    (
        Id(
            29,
        ),
        Transform {
            translation: Vec3(
                2.5443609,
                2.499013,
                -2.3074546,
            ),
            rotation: Quat(
                -0.00039600732,
                -0.03735777,
                -6.9591624e-5,
                0.99930185,
            ),
            scale: Vec3(
                1.0,
                1.0,
                1.0,
            ),
        },
    ),
    (
        Id(
            30,
        ),
        Transform {
            translation: Vec3(
                2.40289,
                2.499201,
                -0.085349895,
            ),
            rotation: Quat(
                0.0002198241,
                0.028491022,
                -0.00014471577,
                0.99959403,
            ),
            scale: Vec3(
                1.0,
                1.0,
                1.0,
            ),
        },
    ),
    (
        Id(
            31,
        ),
        Transform {
            translation: Vec3(
                2.882168,
                0.4999764,
                4.5370235,
            ),
            rotation: Quat(
                0.6887154,
                0.16022196,
                -0.16022195,
                0.68871546,
            ),
            scale: Vec3(
                1.0,
                1.0,
                1.0,
            ),
        },
    ),
    (
        Id(
            32,
        ),
        Transform {
            translation: Vec3(
                -4.5345836,
                0.4999764,
                -13.376381,
            ),
            rotation: Quat(
                -0.6973869,
                -0.11683948,
                -0.11683948,
                0.6973869,
            ),
            scale: Vec3(
                1.0,
                1.0,
                1.0,
            ),
        },
    ),
    (
        Id(
            33,
        ),
        Transform {
            translation: Vec3(
                -4.6608458,
                4.499151,
                -2.5973494,
            ),
            rotation: Quat(
                0.00014856718,
                0.113995455,
                3.6868394e-5,
                0.9934813,
            ),
            scale: Vec3(
                1.0,
                1.0,
                1.0,
            ),
        },
    ),
    (
        Id(
            34,
        ),
        Transform {
            translation: Vec3(
                -4.9130645,
                4.49886,
                -0.1486181,
            ),
            rotation: Quat(
                4.26057e-6,
                0.03330923,
                7.0685404e-5,
                0.9994451,
            ),
            scale: Vec3(
                1.0,
                1.0,
                1.0,
            ),
        },
    ),
    (
        Id(
            35,
        ),
        Transform {
            translation: Vec3(
                -4.050765,
                0.49997634,
                9.291042,
            ),
            rotation: Quat(
                0.70175123,
                -0.08686407,
                0.08686408,
                0.70175105,
            ),
            scale: Vec3(
                1.0,
                1.0,
                1.0,
            ),
        },
    ),
    (
        Id(
            36,
        ),
        Transform {
            translation: Vec3(
                -2.7825975,
                0.4999764,
                -12.321894,
            ),
            rotation: Quat(
                -0.6973863,
                -0.11684306,
                -0.11684306,
                0.6973863,
            ),
            scale: Vec3(
                1.0,
                1.0,
                1.0,
            ),
        },
    ),
    (
        Id(
            37,
        ),
        Transform {
            translation: Vec3(
                -2.2868602,
                4.4988317,
                -2.6376193,
            ),
            rotation: Quat(
                0.0002884811,
                0.02214502,
                -8.489389e-5,
                0.9997547,
            ),
            scale: Vec3(
                1.0,
                1.0,
                1.0,
            ),
        },
    ),
    (
        Id(
            38,
        ),
        Transform {
            translation: Vec3(
                -2.2323263,
                4.4989724,
                0.16450179,
            ),
            rotation: Quat(
                -0.00039672444,
                0.08600957,
                3.3259374e-5,
                0.99629426,
            ),
            scale: Vec3(
                1.0,
                1.0,
                1.0,
            ),
        },
    ),
    (
        Id(
            39,
        ),
        Transform {
            translation: Vec3(
                -0.5821712,
                0.49997583,
                10.938799,
            ),
            rotation: Quat(
                0.9659206,
                -5.2320587e-8,
                0.25883836,
                -1.2120715e-7,
            ),
            scale: Vec3(
                1.0,
                1.0,
                1.0,
            ),
        },
    ),
    (
        Id(
            40,
        ),
        Transform {
            translation: Vec3(
                0.6188435,
                0.49997634,
                -11.908915,
            ),
            rotation: Quat(
                -0.67957103,
                -0.19540527,
                -0.19540527,
                0.679571,
            ),
            scale: Vec3(
                1.0,
                1.0,
                1.0,
            ),
        },
    ),
    (
        Id(
            41,
        ),
        Transform {
            translation: Vec3(
                0.14399892,
                4.4989624,
                -1.9773988,
            ),
            rotation: Quat(
                7.6484874e-5,
                -0.041024253,
                0.00029754275,
                0.9991581,
            ),
            scale: Vec3(
                1.0,
                1.0,
                1.0,
            ),
        },
    ),
    (
        Id(
            42,
        ),
        Transform {
            translation: Vec3(
                0.08117793,
                4.499072,
                0.22189982,
            ),
            rotation: Quat(
                -9.795557e-5,
                0.047677804,
                -0.00017469571,
                0.99886274,
            ),
            scale: Vec3(
                1.0,
                1.0,
                1.0,
            ),
        },
    ),
    (
        Id(
            43,
        ),
        Transform {
            translation: Vec3(
                2.0913553,
                0.49997634,
                10.297287,
            ),
            rotation: Quat(
                0.6714409,
                -0.22173664,
                0.22173664,
                0.6714409,
            ),
            scale: Vec3(
                1.0,
                1.0,
                1.0,
            ),
        },
    ),
    (
        Id(
            44,
        ),
        Transform {
            translation: Vec3(
                3.0948024,
                0.49997628,
                -11.218622,
            ),
            rotation: Quat(
                -0.705084,
                0.05344659,
                0.053446572,
                0.705084,
            ),
            scale: Vec3(
                1.0,
                1.0,
                1.0,
            ),
        },
    ),
    (
        Id(
            45,
        ),
        Transform {
            translation: Vec3(
                2.6637924,
                4.4981065,
                -2.5706677,
            ),
            rotation: Quat(
                -0.0004709279,
                0.12523311,
                -0.00016900596,
                0.99212724,
            ),
            scale: Vec3(
                1.0,
                1.0,
                1.0,
            ),
        },
    ),
    (
        Id(
            46,
        ),
        Transform {
            translation: Vec3(
                2.8504617,
                4.498688,
                -0.030679472,
            ),
            rotation: Quat(
                0.00015881086,
                0.068380766,
                -0.00019317033,
                0.99765927,
            ),
            scale: Vec3(
                1.0,
                1.0,
                1.0,
            ),
        },
    ),
    (
        Id(
            47,
        ),
        Transform {
            translation: Vec3(
                9.3530445,
                0.4999764,
                10.361144,
            ),
            rotation: Quat(
                0.2550247,
                0.6595168,
                -0.6595168,
                0.2550247,
            ),
            scale: Vec3(
                1.0,
                1.0,
                1.0,
            ),
        },
    ),
    (
        Id(
            48,
        ),
        Transform {
            translation: Vec3(
                -7.567152,
                0.49997643,
                -5.132842,
            ),
            rotation: Quat(
                -0.28729075,
                -0.2872908,
                0.6461145,
                0.6461146,
            ),
            scale: Vec3(
                1.0,
                1.0,
                1.0,
            ),
        },
    ),
    (
        Id(
            49,
        ),
        Transform {
            translation: Vec3(
                -4.1859508,
                6.4988394,
                -2.2426178,
            ),
            rotation: Quat(
                0.00018616061,
                0.053499356,
                2.0924674e-5,
                0.9985679,
            ),
            scale: Vec3(
                1.0,
                1.0,
                1.0,
            ),
        },
    ),
    (
        Id(
            50,
        ),
        Transform {
            translation: Vec3(
                -4.654396,
                6.4987607,
                0.25446865,
            ),
            rotation: Quat(
                7.0240516e-5,
                -0.10747237,
                6.722093e-5,
                0.99420804,
            ),
            scale: Vec3(
                1.0,
                1.0,
                1.0,
            ),
        },
    ),
    (
        Id(
            51,
        ),
        Transform {
            translation: Vec3(
                -9.7496195,
                0.49997634,
                1.579133,
            ),
            rotation: Quat(
                -0.3530951,
                4.347096e-8,
                0.9355874,
                -1.3907055e-7,
            ),
            scale: Vec3(
                1.0,
                1.0,
                1.0,
            ),
        },
    ),
    (
        Id(
            52,
        ),
        Transform {
            translation: Vec3(
                -3.7687392,
                2.4999123,
                -6.571017,
            ),
            rotation: Quat(
                0.11712892,
                0.117139645,
                0.69733423,
                0.6973407,
            ),
            scale: Vec3(
                1.0,
                1.0,
                1.0,
            ),
        },
    ),
    (
        Id(
            53,
        ),
        Transform {
            translation: Vec3(
                -1.9199759,
                6.498316,
                -1.9030241,
            ),
            rotation: Quat(
                0.00022130288,
                -0.03177858,
                -4.5599885e-5,
                0.9994949,
            ),
            scale: Vec3(
                1.0,
                1.0,
                1.0,
            ),
        },
    ),
    (
        Id(
            54,
        ),
        Transform {
            translation: Vec3(
                -2.2350657,
                6.498816,
                0.19960006,
            ),
            rotation: Quat(
                -0.00042421883,
                -0.015111146,
                8.0616235e-5,
                0.99988574,
            ),
            scale: Vec3(
                1.0,
                1.0,
                1.0,
            ),
        },
    ),
    (
        Id(
            55,
        ),
        Transform {
            translation: Vec3(
                -3.2538364,
                2.4999194,
                3.8241236,
            ),
            rotation: Quat(
                1.00794566e-7,
                -0.1646187,
                4.3703736e-7,
                0.9863573,
            ),
            scale: Vec3(
                1.0,
                1.0,
                1.0,
            ),
        },
    ),
    (
        Id(
            56,
        ),
        Transform {
            translation: Vec3(
                4.922186,
                0.49997637,
                -7.6654954,
            ),
            rotation: Quat(
                0.13697368,
                -0.69371337,
                0.69371337,
                0.1369737,
            ),
            scale: Vec3(
                1.0,
                1.0,
                1.0,
            ),
        },
    ),
    (
        Id(
            57,
        ),
        Transform {
            translation: Vec3(
                0.24796276,
                6.498735,
                -1.88702,
            ),
            rotation: Quat(
                0.00019252583,
                -0.02954829,
                0.00030590637,
                0.9995633,
            ),
            scale: Vec3(
                1.0,
                1.0,
                1.0,
            ),
        },
    ),
    (
        Id(
            58,
        ),
        Transform {
            translation: Vec3(
                -0.12698768,
                6.499097,
                0.28239223,
            ),
            rotation: Quat(
                -0.00014374542,
                -0.035682302,
                -0.00018079655,
                0.9993632,
            ),
            scale: Vec3(
                1.0,
                1.0,
                1.0,
            ),
        },
    ),
    (
        Id(
            59,
        ),
        Transform {
            translation: Vec3(
                1.6117585,
                0.49997634,
                7.744028,
            ),
            rotation: Quat(
                1.462238e-8,
                -0.0315672,
                -1.2377734e-7,
                0.99950165,
            ),
            scale: Vec3(
                1.0,
                1.0,
                1.0,
            ),
        },
    ),
    (
        Id(
            60,
        ),
        Transform {
            translation: Vec3(
                9.559359,
                0.49997634,
                -7.529955,
            ),
            rotation: Quat(
                0.5547476,
                0.43846908,
                -0.4384692,
                0.55474746,
            ),
            scale: Vec3(
                1.0,
                1.0,
                1.0,
            ),
        },
    ),
    (
        Id(
            61,
        ),
        Transform {
            translation: Vec3(
                2.4746926,
                6.4978795,
                -2.6082802,
            ),
            rotation: Quat(
                -0.00061664055,
                -0.007698525,
                -5.190962e-5,
                0.9999702,
            ),
            scale: Vec3(
                1.0,
                1.0,
                1.0,
            ),
        },
    ),
    (
        Id(
            62,
        ),
        Transform {
            translation: Vec3(
                2.3895118,
                6.498428,
                0.7280678,
            ),
            rotation: Quat(
                0.00017043577,
                -0.08549575,
                -8.973905e-5,
                0.99633855,
            ),
            scale: Vec3(
                1.0,
                1.0,
                1.0,
            ),
        },
    ),
    (
        Id(
            63,
        ),
        Transform {
            translation: Vec3(
                4.1058745,
                0.4999764,
                8.805857,
            ),
            rotation: Quat(
                2.787551e-9,
                0.18135333,
                -1.3724297e-8,
                0.983418,
            ),
            scale: Vec3(
                1.0,
                1.0,
                1.0,
            ),
        },
    ),
]
