---
source: crates/avian3d/../../src/tests.rs
expression: bodies
---
[
    (
        Id(
            0,
        ),
        Transform {
            translation: Vec3(
                -4.1845818,
                0.49991584,
                -4.1978564,
            ),
            rotation: Quat(
                -5.4701636e-6,
                -0.0010534313,
                7.994431e-6,
                0.99999946,
            ),
            scale: Vec3(
                1.0,
                1.0,
                1.0,
            ),
        },
    ),
    (
        Id(
            1,
        ),
        Transform {
            translation: Vec3(
                -4.1678777,
                0.49989307,
                -2.1085892,
            ),
            rotation: Quat(
                2.0004107e-5,
                -0.00010254347,
                2.162605e-5,
                1.0,
            ),
            scale: Vec3(
                1.0,
                1.0,
                1.0,
            ),
        },
    ),
    (
        Id(
            2,
        ),
        Transform {
            translation: Vec3(
                -4.2662377,
                0.49992576,
                -0.051136658,
            ),
            rotation: Quat(
                1.4470542e-5,
                -0.002835449,
                -1.3516047e-5,
                0.999996,
            ),
            scale: Vec3(
                1.0,
                1.0,
                1.0,
            ),
        },
    ),
    (
        Id(
            3,
        ),
        Transform {
            translation: Vec3(
                -4.266611,
                0.4999043,
                2.2153091,
            ),
            rotation: Quat(
                6.5931617e-6,
                0.02106,
                2.0783249e-5,
                0.9997782,
            ),
            scale: Vec3(
                1.0,
                1.0,
                1.0,
            ),
        },
    ),
    (
        Id(
            4,
        ),
        Transform {
            translation: Vec3(
                -2.0851915,
                0.49987578,
                -4.2496367,
            ),
            rotation: Quat(
                -3.8897782e-5,
                -0.010147737,
                -1.1032826e-5,
                0.9999485,
            ),
            scale: Vec3(
                1.0,
                1.0,
                1.0,
            ),
        },
    ),
    (
        Id(
            5,
        ),
        Transform {
            translation: Vec3(
                -2.1333888,
                0.49984577,
                -2.1401598,
            ),
            rotation: Quat(
                3.4044264e-5,
                -0.0045604743,
                -3.3825105e-5,
                0.9999896,
            ),
            scale: Vec3(
                1.0,
                1.0,
                1.0,
            ),
        },
    ),
    (
        Id(
            6,
        ),
        Transform {
            translation: Vec3(
                -2.0722063,
                0.49980426,
                -0.10823618,
            ),
            rotation: Quat(
                2.0583111e-5,
                -0.00986086,
                0.0001041427,
                0.99995136,
            ),
            scale: Vec3(
                1.0,
                1.0,
                1.0,
            ),
        },
    ),
    (
        Id(
            7,
        ),
        Transform {
            translation: Vec3(
                -2.070935,
                0.4999013,
                2.1015253,
            ),
            rotation: Quat(
                2.5580264e-5,
                -0.015794186,
                -1.48439e-5,
                0.99987525,
            ),
            scale: Vec3(
                1.0,
                1.0,
                1.0,
            ),
        },
    ),
    (
        Id(
            8,
        ),
        Transform {
            translation: Vec3(
                0.03589964,
                0.49974704,
                -4.29236,
            ),
            rotation: Quat(
                6.84962e-5,
                -0.018125914,
                2.068216e-5,
                0.9998357,
            ),
            scale: Vec3(
                1.0,
                1.0,
                1.0,
            ),
        },
    ),
    (
        Id(
            9,
        ),
        Transform {
            translation: Vec3(
                -0.004235466,
                0.49990195,
                -2.145367,
            ),
            rotation: Quat(
                1.4456753e-6,
                -0.004332724,
                2.264537e-6,
                0.99999064,
            ),
            scale: Vec3(
                1.0,
                1.0,
                1.0,
            ),
        },
    ),
    (
        Id(
            10,
        ),
        Transform {
            translation: Vec3(
                0.0009696084,
                0.49990422,
                -0.068625405,
            ),
            rotation: Quat(
                1.0672122e-5,
                -0.0032333469,
                5.8684905e-6,
                0.99999475,
            ),
            scale: Vec3(
                1.0,
                1.0,
                1.0,
            ),
        },
    ),
    (
        Id(
            11,
        ),
        Transform {
            translation: Vec3(
                0.00016246413,
                0.49991292,
                2.1203659,
            ),
            rotation: Quat(
                1.0177389e-5,
                -0.0039124526,
                -1.7378003e-5,
                0.9999924,
            ),
            scale: Vec3(
                1.0,
                1.0,
                1.0,
            ),
        },
    ),
    (
        Id(
            12,
        ),
        Transform {
            translation: Vec3(
                2.211124,
                0.49991414,
                -4.268743,
            ),
            rotation: Quat(
                -1.8221571e-6,
                -0.006448326,
                -1.1586726e-5,
                0.9999792,
            ),
            scale: Vec3(
                1.0,
                1.0,
                1.0,
            ),
        },
    ),
    (
        Id(
            13,
        ),
        Transform {
            translation: Vec3(
                2.2278311,
                0.4999414,
                -2.2309647,
            ),
            rotation: Quat(
                2.0383624e-5,
                0.005429702,
                2.8613006e-6,
                0.9999853,
            ),
            scale: Vec3(
                1.0,
                1.0,
                1.0,
            ),
        },
    ),
    (
        Id(
            14,
        ),
        Transform {
            translation: Vec3(
                2.1675048,
                0.4999042,
                -0.005082562,
            ),
            rotation: Quat(
                1.7287961e-6,
                -0.009164502,
                -3.0437955e-6,
                0.999958,
            ),
            scale: Vec3(
                1.0,
                1.0,
                1.0,
            ),
        },
    ),
    (
        Id(
            15,
        ),
        Transform {
            translation: Vec3(
                2.1573555,
                0.4999099,
                2.0670955,
            ),
            rotation: Quat(
                7.1970003e-6,
                -0.011087923,
                -7.947591e-6,
                0.99993855,
            ),
            scale: Vec3(
                1.0,
                1.0,
                1.0,
            ),
        },
    ),
    (
        Id(
            16,
        ),
        Transform {
            translation: Vec3(
                -4.474785,
                2.499564,
                -4.3462267,
            ),
            rotation: Quat(
                -2.0582733e-5,
                0.03710603,
                5.595815e-5,
                0.9993113,
            ),
            scale: Vec3(
                1.0,
                1.0,
                1.0,
            ),
        },
    ),
    (
        Id(
            17,
        ),
        Transform {
            translation: Vec3(
                -4.283597,
                2.499435,
                -2.096188,
            ),
            rotation: Quat(
                -6.1113806e-6,
                0.009441189,
                0.00013347738,
                0.9999554,
            ),
            scale: Vec3(
                1.0,
                1.0,
                1.0,
            ),
        },
    ),
    (
        Id(
            18,
        ),
        Transform {
            translation: Vec3(
                -4.3501663,
                2.499472,
                0.019543402,
            ),
            rotation: Quat(
                -4.8167112e-5,
                0.025204645,
                2.766471e-7,
                0.9996823,
            ),
            scale: Vec3(
                1.0,
                1.0,
                1.0,
            ),
        },
    ),
    (
        Id(
            19,
        ),
        Transform {
            translation: Vec3(
                -4.5744133,
                2.4993784,
                2.4670467,
            ),
            rotation: Quat(
                3.2547116e-5,
                0.10604714,
                0.00015953068,
                0.9943611,
            ),
            scale: Vec3(
                1.0,
                1.0,
                1.0,
            ),
        },
    ),
    (
        Id(
            20,
        ),
        Transform {
            translation: Vec3(
                -2.211062,
                2.499578,
                -4.279089,
            ),
            rotation: Quat(
                -6.5152104e-5,
                -0.023340635,
                -6.5887885e-5,
                0.99972755,
            ),
            scale: Vec3(
                1.0,
                1.0,
                1.0,
            ),
        },
    ),
    (
        Id(
            21,
        ),
        Transform {
            translation: Vec3(
                -2.042559,
                2.4989314,
                -2.2015512,
            ),
            rotation: Quat(
                -4.2827938e-5,
                -0.006024816,
                -0.00035387347,
                0.99998176,
            ),
            scale: Vec3(
                1.0,
                1.0,
                1.0,
            ),
        },
    ),
    (
        Id(
            22,
        ),
        Transform {
            translation: Vec3(
                -2.141884,
                2.499047,
                -0.045869526,
            ),
            rotation: Quat(
                -0.00012091946,
                -0.041171186,
                0.00021597483,
                0.99915206,
            ),
            scale: Vec3(
                1.0,
                1.0,
                1.0,
            ),
        },
    ),
    (
        Id(
            23,
        ),
        Transform {
            translation: Vec3(
                -2.1827424,
                2.499506,
                2.2769203,
            ),
            rotation: Quat(
                -7.6258134e-6,
                -0.023284933,
                6.6278924e-5,
                0.99972886,
            ),
            scale: Vec3(
                1.0,
                1.0,
                1.0,
            ),
        },
    ),
    (
        Id(
            24,
        ),
        Transform {
            translation: Vec3(
                0.069494046,
                2.4986594,
                -4.4160933,
            ),
            rotation: Quat(
                -0.00011339213,
                -0.014033969,
                -0.00021379117,
                0.9999015,
            ),
            scale: Vec3(
                1.0,
                1.0,
                1.0,
            ),
        },
    ),
    (
        Id(
            25,
        ),
        Transform {
            translation: Vec3(
                -0.04309483,
                2.4993474,
                -2.0908542,
            ),
            rotation: Quat(
                -9.9580275e-6,
                -0.0060076946,
                -1.4160865e-5,
                0.99998194,
            ),
            scale: Vec3(
                1.0,
                1.0,
                1.0,
            ),
        },
    ),
    (
        Id(
            26,
        ),
        Transform {
            translation: Vec3(
                -0.04434764,
                2.49936,
                0.09352896,
            ),
            rotation: Quat(
                -3.666017e-6,
                -0.012323964,
                2.6583828e-5,
                0.99992406,
            ),
            scale: Vec3(
                1.0,
                1.0,
                1.0,
            ),
        },
    ),
    (
        Id(
            27,
        ),
        Transform {
            translation: Vec3(
                -0.06185265,
                2.4996078,
                2.2210658,
            ),
            rotation: Quat(
                5.410128e-5,
                -0.047326196,
                -3.8233058e-5,
                0.9988795,
            ),
            scale: Vec3(
                1.0,
                1.0,
                1.0,
            ),
        },
    ),
    (
        Id(
            28,
        ),
        Transform {
            translation: Vec3(
                2.5944498,
                2.499507,
                -4.550909,
            ),
            rotation: Quat(
                2.9231789e-5,
                -0.07967286,
                -5.6799017e-5,
                0.99682105,
            ),
            scale: Vec3(
                1.0,
                1.0,
                1.0,
            ),
        },
    ),
    (
        Id(
            29,
        ),
        Transform {
            translation: Vec3(
                2.0105872,
                2.4996378,
                -2.0513005,
            ),
            rotation: Quat(
                -2.7905016e-5,
                -0.012755789,
                0.00012383949,
                0.99991864,
            ),
            scale: Vec3(
                1.0,
                1.0,
                1.0,
            ),
        },
    ),
    (
        Id(
            30,
        ),
        Transform {
            translation: Vec3(
                2.1778004,
                2.4993486,
                0.062183272,
            ),
            rotation: Quat(
                1.4891193e-5,
                -0.013140267,
                -2.7042433e-5,
                0.99991363,
            ),
            scale: Vec3(
                1.0,
                1.0,
                1.0,
            ),
        },
    ),
    (
        Id(
            31,
        ),
        Transform {
            translation: Vec3(
                2.2090843,
                2.4993942,
                2.1260087,
            ),
            rotation: Quat(
                5.192827e-5,
                -0.019930068,
                -6.425784e-5,
                0.9998014,
            ),
            scale: Vec3(
                1.0,
                1.0,
                1.0,
            ),
        },
    ),
    (
        Id(
            32,
        ),
        Transform {
            translation: Vec3(
                -4.6403913,
                4.4994164,
                -4.4330235,
            ),
            rotation: Quat(
                -2.0759526e-5,
                -0.027321652,
                8.282604e-5,
                0.9996267,
            ),
            scale: Vec3(
                1.0,
                1.0,
                1.0,
            ),
        },
    ),
    (
        Id(
            33,
        ),
        Transform {
            translation: Vec3(
                -4.46529,
                4.4990683,
                -2.012265,
            ),
            rotation: Quat(
                -4.729636e-5,
                -0.021610316,
                0.00018958139,
                0.99976647,
            ),
            scale: Vec3(
                1.0,
                1.0,
                1.0,
            ),
        },
    ),
    (
        Id(
            34,
        ),
        Transform {
            translation: Vec3(
                -4.367278,
                4.499385,
                0.11441578,
            ),
            rotation: Quat(
                -2.46371e-6,
                -0.012590595,
                9.4730985e-6,
                0.9999207,
            ),
            scale: Vec3(
                1.0,
                1.0,
                1.0,
            ),
        },
    ),
    (
        Id(
            35,
        ),
        Transform {
            translation: Vec3(
                -4.843429,
                4.4989586,
                2.3765578,
            ),
            rotation: Quat(
                2.5226132e-5,
                0.08373931,
                0.00022190939,
                0.9964877,
            ),
            scale: Vec3(
                1.0,
                1.0,
                1.0,
            ),
        },
    ),
    (
        Id(
            36,
        ),
        Transform {
            translation: Vec3(
                -2.4492652,
                4.499419,
                -4.239893,
            ),
            rotation: Quat(
                -7.413591e-5,
                0.035476793,
                -0.00016297043,
                0.99937046,
            ),
            scale: Vec3(
                1.0,
                1.0,
                1.0,
            ),
        },
    ),
    (
        Id(
            37,
        ),
        Transform {
            translation: Vec3(
                -2.304948,
                4.4988427,
                -2.1407425,
            ),
            rotation: Quat(
                -4.1021918e-5,
                0.005358469,
                -0.00022815201,
                0.99998564,
            ),
            scale: Vec3(
                1.0,
                1.0,
                1.0,
            ),
        },
    ),
    (
        Id(
            38,
        ),
        Transform {
            translation: Vec3(
                -2.1665788,
                4.4988294,
                -0.12539311,
            ),
            rotation: Quat(
                -0.000116045034,
                0.007996435,
                0.00018250587,
                0.999968,
            ),
            scale: Vec3(
                1.0,
                1.0,
                1.0,
            ),
        },
    ),
    (
        Id(
            39,
        ),
        Transform {
            translation: Vec3(
                -2.0568275,
                4.499208,
                2.112793,
            ),
            rotation: Quat(
                -4.910941e-5,
                -0.018549357,
                0.00012814853,
                0.9998279,
            ),
            scale: Vec3(
                1.0,
                1.0,
                1.0,
            ),
        },
    ),
    (
        Id(
            40,
        ),
        Transform {
            translation: Vec3(
                0.015315595,
                4.498608,
                -4.266416,
            ),
            rotation: Quat(
                -0.00013776211,
                -0.05609353,
                -0.00022444064,
                0.9984255,
            ),
            scale: Vec3(
                1.0,
                1.0,
                1.0,
            ),
        },
    ),
    (
        Id(
            41,
        ),
        Transform {
            translation: Vec3(
                -0.111667685,
                4.499009,
                -1.95172,
            ),
            rotation: Quat(
                -6.71411e-5,
                0.015175408,
                -4.5415763e-5,
                0.99988484,
            ),
            scale: Vec3(
                1.0,
                1.0,
                1.0,
            ),
        },
    ),
    (
        Id(
            42,
        ),
        Transform {
            translation: Vec3(
                0.18093236,
                4.499149,
                0.098659866,
            ),
            rotation: Quat(
                -4.4424803e-5,
                0.008522373,
                6.1829633e-6,
                0.9999637,
            ),
            scale: Vec3(
                1.0,
                1.0,
                1.0,
            ),
        },
    ),
    (
        Id(
            43,
        ),
        Transform {
            translation: Vec3(
                -0.016120289,
                4.4992695,
                2.613007,
            ),
            rotation: Quat(
                4.086026e-5,
                -0.0402479,
                -3.4553083e-5,
                0.99918973,
            ),
            scale: Vec3(
                1.0,
                1.0,
                1.0,
            ),
        },
    ),
    (
        Id(
            44,
        ),
        Transform {
            translation: Vec3(
                2.6998458,
                4.499262,
                -4.110011,
            ),
            rotation: Quat(
                2.0715079e-5,
                -0.009416107,
                -3.6613597e-5,
                0.99995565,
            ),
            scale: Vec3(
                1.0,
                1.0,
                1.0,
            ),
        },
    ),
    (
        Id(
            45,
        ),
        Transform {
            translation: Vec3(
                5.3938937,
                0.49997628,
                -1.9037117,
            ),
            rotation: Quat(
                -0.16266592,
                0.16266592,
                -0.6881423,
                0.6881423,
            ),
            scale: Vec3(
                1.0,
                1.0,
                1.0,
            ),
        },
    ),
    (
        Id(
            46,
        ),
        Transform {
            translation: Vec3(
                2.315139,
                4.499067,
                0.12084268,
            ),
            rotation: Quat(
                1.557418e-5,
                -0.015948368,
                -3.957905e-5,
                0.9998728,
            ),
            scale: Vec3(
                1.0,
                1.0,
                1.0,
            ),
        },
    ),
    (
        Id(
            47,
        ),
        Transform {
            translation: Vec3(
                2.6469607,
                4.4990335,
                2.5538466,
            ),
            rotation: Quat(
                4.4144734e-5,
                -0.019770158,
                -7.213886e-5,
                0.99980456,
            ),
            scale: Vec3(
                1.0,
                1.0,
                1.0,
            ),
        },
    ),
    (
        Id(
            48,
        ),
        Transform {
            translation: Vec3(
                -4.7367907,
                0.4999764,
                -11.323512,
            ),
            rotation: Quat(
                2.1700886e-9,
                -0.28308454,
                8.486949e-9,
                0.95909494,
            ),
            scale: Vec3(
                1.0,
                1.0,
                1.0,
            ),
        },
    ),
    (
        Id(
            49,
        ),
        Transform {
            translation: Vec3(
                -4.7892127,
                6.498798,
                -2.132106,
            ),
            rotation: Quat(
                -2.9654551e-5,
                0.07432854,
                0.00017253793,
                0.9972338,
            ),
            scale: Vec3(
                1.0,
                1.0,
                1.0,
            ),
        },
    ),
    (
        Id(
            50,
        ),
        Transform {
            translation: Vec3(
                -7.761137,
                0.4999764,
                0.9349848,
            ),
            rotation: Quat(
                0.16116124,
                0.16116124,
                0.68849623,
                0.68849623,
            ),
            scale: Vec3(
                1.0,
                1.0,
                1.0,
            ),
        },
    ),
    (
        Id(
            51,
        ),
        Transform {
            translation: Vec3(
                -5.1932974,
                6.498698,
                2.4262671,
            ),
            rotation: Quat(
                2.153516e-5,
                0.10124504,
                0.00022333577,
                0.9948615,
            ),
            scale: Vec3(
                1.0,
                1.0,
                1.0,
            ),
        },
    ),
    (
        Id(
            52,
        ),
        Transform {
            translation: Vec3(
                -1.4502277,
                6.4989195,
                -4.79387,
            ),
            rotation: Quat(
                -0.00013970424,
                0.10941478,
                -0.00019575871,
                0.99399614,
            ),
            scale: Vec3(
                1.0,
                1.0,
                1.0,
            ),
        },
    ),
    (
        Id(
            53,
        ),
        Transform {
            translation: Vec3(
                -2.0519383,
                6.4989753,
                -2.1659515,
            ),
            rotation: Quat(
                -2.5697249e-5,
                0.047021903,
                -2.277985e-5,
                0.99889386,
            ),
            scale: Vec3(
                1.0,
                1.0,
                1.0,
            ),
        },
    ),
    (
        Id(
            54,
        ),
        Transform {
            translation: Vec3(
                -2.0244596,
                6.498803,
                -0.12905554,
            ),
            rotation: Quat(
                -0.00013619864,
                0.04816665,
                0.00019010906,
                0.99883926,
            ),
            scale: Vec3(
                1.0,
                1.0,
                1.0,
            ),
        },
    ),
    (
        Id(
            55,
        ),
        Transform {
            translation: Vec3(
                -1.9067785,
                6.4990697,
                2.0284085,
            ),
            rotation: Quat(
                -8.503928e-6,
                0.005538356,
                0.00013037177,
                0.9999847,
            ),
            scale: Vec3(
                1.0,
                1.0,
                1.0,
            ),
        },
    ),
    (
        Id(
            56,
        ),
        Transform {
            translation: Vec3(
                0.82811207,
                6.498846,
                -4.216651,
            ),
            rotation: Quat(
                -9.82622e-5,
                0.07919641,
                0.00021146305,
                0.996859,
            ),
            scale: Vec3(
                1.0,
                1.0,
                1.0,
            ),
        },
    ),
    (
        Id(
            57,
        ),
        Transform {
            translation: Vec3(
                0.45690545,
                6.4988494,
                -1.8832697,
            ),
            rotation: Quat(
                -9.589355e-5,
                0.0737934,
                -6.323703e-5,
                0.99727356,
            ),
            scale: Vec3(
                1.0,
                1.0,
                1.0,
            ),
        },
    ),
    (
        Id(
            58,
        ),
        Transform {
            translation: Vec3(
                0.5118852,
                6.499046,
                0.28279194,
            ),
            rotation: Quat(
                1.1698259e-6,
                0.09442022,
                1.692294e-5,
                0.99553245,
            ),
            scale: Vec3(
                1.0,
                1.0,
                1.0,
            ),
        },
    ),
    (
        Id(
            59,
        ),
        Transform {
            translation: Vec3(
                0.7644234,
                6.4991527,
                2.4680266,
            ),
            rotation: Quat(
                4.4278415e-5,
                0.17169102,
                -1.5171501e-5,
                0.9851509,
            ),
            scale: Vec3(
                1.0,
                1.0,
                1.0,
            ),
        },
    ),
    (
        Id(
            60,
        ),
        Transform {
            translation: Vec3(
                7.2773585,
                0.49997637,
                -7.2613397,
            ),
            rotation: Quat(
                -0.2591014,
                0.2591014,
                -0.6579259,
                0.6579259,
            ),
            scale: Vec3(
                1.0,
                1.0,
                1.0,
            ),
        },
    ),
    (
        Id(
            61,
        ),
        Transform {
            translation: Vec3(
                8.878883,
                0.49997637,
                0.11212698,
            ),
            rotation: Quat(
                -0.012027285,
                0.012027281,
                -0.7070045,
                0.7070045,
            ),
            scale: Vec3(
                1.0,
                1.0,
                1.0,
            ),
        },
    ),
    (
        Id(
            62,
        ),
        Transform {
            translation: Vec3(
                2.9199631,
                6.4988847,
                0.63825023,
            ),
            rotation: Quat(
                -3.8897022e-5,
                0.0640998,
                -9.3495124e-5,
                0.99794346,
            ),
            scale: Vec3(
                1.0,
                1.0,
                1.0,
            ),
        },
    ),
    (
        Id(
            63,
        ),
        Transform {
            translation: Vec3(
                7.4656744,
                0.4999764,
                2.27417,
            ),
            rotation: Quat(
                -0.035540074,
                3.820209e-9,
                -0.99936825,
                -1.1833584e-8,
            ),
            scale: Vec3(
                1.0,
                1.0,
                1.0,
            ),
        },
    ),
]
