---
source: crates/avian3d/../../src/tests.rs
expression: bodies
---
[
    (
        Id(
            0,
        ),
        Transform {
            translation: Vec3(
                -4.2617664,
                0.4999546,
                -5.850172,
            ),
            rotation: Quat(
                3.573122e-5,
                -0.1058252,
                1.9138555e-5,
                0.99438477,
            ),
            scale: Vec3(
                1.0,
                1.0,
                1.0,
            ),
        },
    ),
    (
        Id(
            1,
        ),
        Transform {
            translation: Vec3(
                -4.3064404,
                0.4999569,
                -2.6481085,
            ),
            rotation: Quat(
                6.661155e-6,
                -0.14438927,
                3.970238e-6,
                0.98952097,
            ),
            scale: Vec3(
                1.0,
                1.0,
                1.0,
            ),
        },
    ),
    (
        Id(
            2,
        ),
        Transform {
            translation: Vec3(
                -4.3218145,
                0.49994364,
                -0.009704462,
            ),
            rotation: Quat(
                7.008083e-6,
                -0.1467056,
                -4.7925746e-6,
                0.9891802,
            ),
            scale: Vec3(
                1.0,
                1.0,
                1.0,
            ),
        },
    ),
    (
        Id(
            3,
        ),
        Transform {
            translation: Vec3(
                -4.320339,
                0.49994954,
                2.221934,
            ),
            rotation: Quat(
                2.3050113e-6,
                -0.18636058,
                -2.0008142e-7,
                0.9824814,
            ),
            scale: Vec3(
                1.0,
                1.0,
                1.0,
            ),
        },
    ),
    (
        Id(
            4,
        ),
        Transform {
            translation: Vec3(
                -1.9012831,
                0.49996313,
                -5.747129,
            ),
            rotation: Quat(
                1.7088601e-5,
                -0.049813338,
                -1.4914843e-6,
                0.99875855,
            ),
            scale: Vec3(
                1.0,
                1.0,
                1.0,
            ),
        },
    ),
    (
        Id(
            5,
        ),
        Transform {
            translation: Vec3(
                -1.9221903,
                0.49992433,
                -2.5490732,
            ),
            rotation: Quat(
                9.3676135e-7,
                -0.0910071,
                1.1568856e-5,
                0.99585027,
            ),
            scale: Vec3(
                1.0,
                1.0,
                1.0,
            ),
        },
    ),
    (
        Id(
            6,
        ),
        Transform {
            translation: Vec3(
                -2.2033687,
                0.49994245,
                -0.0414518,
            ),
            rotation: Quat(
                1.2148819e-5,
                -0.1344137,
                7.486361e-7,
                0.9909253,
            ),
            scale: Vec3(
                1.0,
                1.0,
                1.0,
            ),
        },
    ),
    (
        Id(
            7,
        ),
        Transform {
            translation: Vec3(
                -2.195145,
                0.49994546,
                2.4222329,
            ),
            rotation: Quat(
                9.179024e-6,
                -0.1664576,
                8.669787e-6,
                0.98604864,
            ),
            scale: Vec3(
                1.0,
                1.0,
                1.0,
            ),
        },
    ),
    (
        Id(
            8,
        ),
        Transform {
            translation: Vec3(
                0.50737727,
                0.49997383,
                -5.5371494,
            ),
            rotation: Quat(
                9.78547e-6,
                -0.047478247,
                -9.398216e-7,
                0.9988723,
            ),
            scale: Vec3(
                1.0,
                1.0,
                1.0,
            ),
        },
    ),
    (
        Id(
            9,
        ),
        Transform {
            translation: Vec3(
                0.2998932,
                0.49997103,
                -2.3289566,
            ),
            rotation: Quat(
                -1.185439e-5,
                -0.110907756,
                6.907667e-6,
                0.9938307,
            ),
            scale: Vec3(
                1.0,
                1.0,
                1.0,
            ),
        },
    ),
    (
        Id(
            10,
        ),
        Transform {
            translation: Vec3(
                0.069818676,
                0.4999351,
                0.017867053,
            ),
            rotation: Quat(
                8.786237e-6,
                -0.16995092,
                6.933531e-6,
                0.98545253,
            ),
            scale: Vec3(
                1.0,
                1.0,
                1.0,
            ),
        },
    ),
    (
        Id(
            11,
        ),
        Transform {
            translation: Vec3(
                0.16879787,
                0.4999593,
                2.4852552,
            ),
            rotation: Quat(
                7.854049e-6,
                -0.1357702,
                7.512223e-6,
                0.99074036,
            ),
            scale: Vec3(
                1.0,
                1.0,
                1.0,
            ),
        },
    ),
    (
        Id(
            12,
        ),
        Transform {
            translation: Vec3(
                2.8243964,
                0.4999569,
                -5.2702985,
            ),
            rotation: Quat(
                1.8391645e-5,
                -0.23051743,
                6.320918e-6,
                0.9730682,
            ),
            scale: Vec3(
                1.0,
                1.0,
                1.0,
            ),
        },
    ),
    (
        Id(
            13,
        ),
        Transform {
            translation: Vec3(
                2.463946,
                0.49993855,
                -2.4356751,
            ),
            rotation: Quat(
                8.469337e-6,
                -0.11271293,
                -3.552528e-6,
                0.9936276,
            ),
            scale: Vec3(
                1.0,
                1.0,
                1.0,
            ),
        },
    ),
    (
        Id(
            14,
        ),
        Transform {
            translation: Vec3(
                2.4887574,
                0.49993554,
                0.0004435418,
            ),
            rotation: Quat(
                2.515169e-6,
                -0.14334317,
                8.402555e-7,
                0.989673,
            ),
            scale: Vec3(
                1.0,
                1.0,
                1.0,
            ),
        },
    ),
    (
        Id(
            15,
        ),
        Transform {
            translation: Vec3(
                2.3951437,
                0.49993062,
                2.4571276,
            ),
            rotation: Quat(
                2.007865e-6,
                -0.12371828,
                4.269886e-6,
                0.9923174,
            ),
            scale: Vec3(
                1.0,
                1.0,
                1.0,
            ),
        },
    ),
    (
        Id(
            16,
        ),
        Transform {
            translation: Vec3(
                -4.7609425,
                2.4998963,
                -4.9909444,
            ),
            rotation: Quat(
                7.0230475e-5,
                -0.0777875,
                1.4330533e-5,
                0.99696994,
            ),
            scale: Vec3(
                1.0,
                1.0,
                1.0,
            ),
        },
    ),
    (
        Id(
            17,
        ),
        Transform {
            translation: Vec3(
                -4.0055633,
                2.4999528,
                -2.284876,
            ),
            rotation: Quat(
                7.5023313e-6,
                0.016935397,
                6.621797e-6,
                0.9998566,
            ),
            scale: Vec3(
                1.0,
                1.0,
                1.0,
            ),
        },
    ),
    (
        Id(
            18,
        ),
        Transform {
            translation: Vec3(
                -4.1989307,
                2.4999678,
                0.024624022,
            ),
            rotation: Quat(
                1.2540428e-5,
                0.012859379,
                -1.4782652e-5,
                0.9999173,
            ),
            scale: Vec3(
                1.0,
                1.0,
                1.0,
            ),
        },
    ),
    (
        Id(
            19,
        ),
        Transform {
            translation: Vec3(
                -4.1972713,
                2.4999049,
                2.5970695,
            ),
            rotation: Quat(
                2.8318186e-6,
                -0.084395126,
                1.6209724e-6,
                0.99643236,
            ),
            scale: Vec3(
                1.0,
                1.0,
                1.0,
            ),
        },
    ),
    (
        Id(
            20,
        ),
        Transform {
            translation: Vec3(
                -2.0582845,
                2.499936,
                -4.697543,
            ),
            rotation: Quat(
                1.6334006e-5,
                0.011563025,
                -5.4914335e-6,
                0.9999331,
            ),
            scale: Vec3(
                1.0,
                1.0,
                1.0,
            ),
        },
    ),
    (
        Id(
            21,
        ),
        Transform {
            translation: Vec3(
                -1.9788162,
                2.4999409,
                -2.3972607,
            ),
            rotation: Quat(
                6.6024595e-6,
                0.02362521,
                -8.801972e-6,
                0.9997209,
            ),
            scale: Vec3(
                1.0,
                1.0,
                1.0,
            ),
        },
    ),
    (
        Id(
            22,
        ),
        Transform {
            translation: Vec3(
                -1.9118792,
                2.499907,
                -0.23819661,
            ),
            rotation: Quat(
                9.377828e-6,
                -0.003039026,
                -4.9543423e-6,
                0.9999954,
            ),
            scale: Vec3(
                1.0,
                1.0,
                1.0,
            ),
        },
    ),
    (
        Id(
            23,
        ),
        Transform {
            translation: Vec3(
                -1.791303,
                2.4998999,
                2.3251147,
            ),
            rotation: Quat(
                8.668525e-6,
                -0.08713609,
                1.1167676e-5,
                0.9961964,
            ),
            scale: Vec3(
                1.0,
                1.0,
                1.0,
            ),
        },
    ),
    (
        Id(
            24,
        ),
        Transform {
            translation: Vec3(
                0.16339311,
                2.4999661,
                -4.1933465,
            ),
            rotation: Quat(
                5.112969e-6,
                0.09229462,
                -5.7478887e-6,
                0.9957318,
            ),
            scale: Vec3(
                1.0,
                1.0,
                1.0,
            ),
        },
    ),
    (
        Id(
            25,
        ),
        Transform {
            translation: Vec3(
                0.19633481,
                2.4998996,
                -1.9324025,
            ),
            rotation: Quat(
                -2.987723e-5,
                -0.0044867536,
                -1.2633382e-5,
                0.9999899,
            ),
            scale: Vec3(
                1.0,
                1.0,
                1.0,
            ),
        },
    ),
    (
        Id(
            26,
        ),
        Transform {
            translation: Vec3(
                0.13126238,
                2.49993,
                0.1477116,
            ),
            rotation: Quat(
                2.4705829e-5,
                0.017267318,
                -5.882915e-6,
                0.9998509,
            ),
            scale: Vec3(
                1.0,
                1.0,
                1.0,
            ),
        },
    ),
    (
        Id(
            27,
        ),
        Transform {
            translation: Vec3(
                0.57213444,
                2.4999595,
                2.3758326,
            ),
            rotation: Quat(
                2.2793906e-6,
                -0.06613546,
                -8.770111e-6,
                0.99781066,
            ),
            scale: Vec3(
                1.0,
                1.0,
                1.0,
            ),
        },
    ),
    (
        Id(
            28,
        ),
        Transform {
            translation: Vec3(
                2.6940353,
                2.4999282,
                -4.8833747,
            ),
            rotation: Quat(
                5.989609e-6,
                -0.017840687,
                7.0188667e-6,
                0.99984086,
            ),
            scale: Vec3(
                1.0,
                1.0,
                1.0,
            ),
        },
    ),
    (
        Id(
            29,
        ),
        Transform {
            translation: Vec3(
                2.4808466,
                2.4999146,
                -2.7586346,
            ),
            rotation: Quat(
                6.2101612e-6,
                -0.0046678404,
                -6.3536993e-7,
                0.9999891,
            ),
            scale: Vec3(
                1.0,
                1.0,
                1.0,
            ),
        },
    ),
    (
        Id(
            30,
        ),
        Transform {
            translation: Vec3(
                2.469826,
                2.4999118,
                -0.4482274,
            ),
            rotation: Quat(
                -4.6545406e-7,
                -0.04133346,
                4.724464e-6,
                0.9991454,
            ),
            scale: Vec3(
                1.0,
                1.0,
                1.0,
            ),
        },
    ),
    (
        Id(
            31,
        ),
        Transform {
            translation: Vec3(
                2.7965014,
                2.499943,
                1.8568091,
            ),
            rotation: Quat(
                -3.3913225e-6,
                0.10728257,
                -1.5470909e-5,
                0.99422854,
            ),
            scale: Vec3(
                1.0,
                1.0,
                1.0,
            ),
        },
    ),
    (
        Id(
            32,
        ),
        Transform {
            translation: Vec3(
                -4.363254,
                4.4997783,
                -4.618845,
            ),
            rotation: Quat(
                6.461376e-5,
                -0.010752076,
                1.6418633e-5,
                0.9999422,
            ),
            scale: Vec3(
                1.0,
                1.0,
                1.0,
            ),
        },
    ),
    (
        Id(
            33,
        ),
        Transform {
            translation: Vec3(
                -4.2724934,
                4.499878,
                -2.168243,
            ),
            rotation: Quat(
                2.621277e-6,
                0.065876156,
                5.5477135e-6,
                0.9978278,
            ),
            scale: Vec3(
                1.0,
                1.0,
                1.0,
            ),
        },
    ),
    (
        Id(
            34,
        ),
        Transform {
            translation: Vec3(
                -4.077332,
                4.4998717,
                0.10678628,
            ),
            rotation: Quat(
                1.9025832e-5,
                0.041490078,
                -2.3065013e-5,
                0.9991389,
            ),
            scale: Vec3(
                1.0,
                1.0,
                1.0,
            ),
        },
    ),
    (
        Id(
            35,
        ),
        Transform {
            translation: Vec3(
                -3.911725,
                4.4998875,
                2.4555938,
            ),
            rotation: Quat(
                3.2655569e-6,
                0.058701254,
                1.8361212e-6,
                0.9982756,
            ),
            scale: Vec3(
                1.0,
                1.0,
                1.0,
            ),
        },
    ),
    (
        Id(
            36,
        ),
        Transform {
            translation: Vec3(
                -2.2815921,
                4.49988,
                -4.8674803,
            ),
            rotation: Quat(
                1.5805883e-5,
                0.039157994,
                1.2015109e-6,
                0.999233,
            ),
            scale: Vec3(
                1.0,
                1.0,
                1.0,
            ),
        },
    ),
    (
        Id(
            37,
        ),
        Transform {
            translation: Vec3(
                -2.0591104,
                4.499893,
                -2.3643444,
            ),
            rotation: Quat(
                8.285662e-6,
                0.06541873,
                -1.2651373e-5,
                0.9978579,
            ),
            scale: Vec3(
                1.0,
                1.0,
                1.0,
            ),
        },
    ),
    (
        Id(
            38,
        ),
        Transform {
            translation: Vec3(
                -1.9292995,
                4.4999027,
                -0.039117157,
            ),
            rotation: Quat(
                -4.5387683e-6,
                0.022030165,
                -1.2132288e-5,
                0.9997573,
            ),
            scale: Vec3(
                1.0,
                1.0,
                1.0,
            ),
        },
    ),
    (
        Id(
            39,
        ),
        Transform {
            translation: Vec3(
                -1.8594667,
                4.499914,
                2.1716297,
            ),
            rotation: Quat(
                8.503707e-6,
                0.031846423,
                7.0398482e-6,
                0.99949276,
            ),
            scale: Vec3(
                1.0,
                1.0,
                1.0,
            ),
        },
    ),
    (
        Id(
            40,
        ),
        Transform {
            translation: Vec3(
                -0.089406155,
                4.4999027,
                -4.0922565,
            ),
            rotation: Quat(
                -1.683093e-7,
                0.013369354,
                -7.971003e-6,
                0.99991065,
            ),
            scale: Vec3(
                1.0,
                1.0,
                1.0,
            ),
        },
    ),
    (
        Id(
            41,
        ),
        Transform {
            translation: Vec3(
                0.0452622,
                4.499876,
                -1.9659212,
            ),
            rotation: Quat(
                -2.1662156e-5,
                0.019904593,
                -1.30407725e-5,
                0.9998019,
            ),
            scale: Vec3(
                1.0,
                1.0,
                1.0,
            ),
        },
    ),
    (
        Id(
            42,
        ),
        Transform {
            translation: Vec3(
                0.17919067,
                4.499906,
                0.094455205,
            ),
            rotation: Quat(
                2.09671e-5,
                0.036664918,
                -1.413997e-5,
                0.9993276,
            ),
            scale: Vec3(
                1.0,
                1.0,
                1.0,
            ),
        },
    ),
    (
        Id(
            43,
        ),
        Transform {
            translation: Vec3(
                0.20144333,
                4.4998794,
                3.066769,
            ),
            rotation: Quat(
                1.7986804e-5,
                0.022055857,
                -1.0094973e-5,
                0.99975675,
            ),
            scale: Vec3(
                1.0,
                1.0,
                1.0,
            ),
        },
    ),
    (
        Id(
            44,
        ),
        Transform {
            translation: Vec3(
                2.5093102,
                4.499909,
                -4.6222143,
            ),
            rotation: Quat(
                3.0352854e-7,
                0.107366234,
                6.1290875e-6,
                0.99421954,
            ),
            scale: Vec3(
                1.0,
                1.0,
                1.0,
            ),
        },
    ),
    (
        Id(
            45,
        ),
        Transform {
            translation: Vec3(
                2.3912914,
                4.499895,
                -2.2906146,
            ),
            rotation: Quat(
                -2.7984424e-6,
                0.04843786,
                -4.968584e-6,
                0.9988262,
            ),
            scale: Vec3(
                1.0,
                1.0,
                1.0,
            ),
        },
    ),
    (
        Id(
            46,
        ),
        Transform {
            translation: Vec3(
                2.4207766,
                4.499921,
                -0.057150625,
            ),
            rotation: Quat(
                -8.362876e-6,
                0.014766381,
                1.4427535e-6,
                0.999891,
            ),
            scale: Vec3(
                1.0,
                1.0,
                1.0,
            ),
        },
    ),
    (
        Id(
            47,
        ),
        Transform {
            translation: Vec3(
                2.6593442,
                4.4998827,
                2.4034224,
            ),
            rotation: Quat(
                2.2390845e-5,
                0.06742529,
                -2.196313e-5,
                0.99772435,
            ),
            scale: Vec3(
                1.0,
                1.0,
                1.0,
            ),
        },
    ),
    (
        Id(
            48,
        ),
        Transform {
            translation: Vec3(
                -4.7637234,
                6.499861,
                -5.340199,
            ),
            rotation: Quat(
                6.481955e-5,
                -0.08735548,
                1.0994606e-5,
                0.9961772,
            ),
            scale: Vec3(
                1.0,
                1.0,
                1.0,
            ),
        },
    ),
    (
        Id(
            49,
        ),
        Transform {
            translation: Vec3(
                -4.192832,
                6.499882,
                -1.9592813,
            ),
            rotation: Quat(
                1.6710153e-6,
                -0.021386456,
                7.192534e-6,
                0.9997713,
            ),
            scale: Vec3(
                1.0,
                1.0,
                1.0,
            ),
        },
    ),
    (
        Id(
            50,
        ),
        Transform {
            translation: Vec3(
                -4.17173,
                6.4998856,
                0.066886045,
            ),
            rotation: Quat(
                2.3180755e-5,
                -0.033207588,
                -2.7147373e-5,
                0.9994485,
            ),
            scale: Vec3(
                1.0,
                1.0,
                1.0,
            ),
        },
    ),
    (
        Id(
            51,
        ),
        Transform {
            translation: Vec3(
                -4.1792717,
                6.4998884,
                2.1878312,
            ),
            rotation: Quat(
                5.4603147e-6,
                -0.029115543,
                1.8338168e-6,
                0.99957603,
            ),
            scale: Vec3(
                1.0,
                1.0,
                1.0,
            ),
        },
    ),
    (
        Id(
            52,
        ),
        Transform {
            translation: Vec3(
                -2.1228366,
                6.4999056,
                -4.3379493,
            ),
            rotation: Quat(
                -7.165126e-6,
                0.03422352,
                3.68079e-6,
                0.9994142,
            ),
            scale: Vec3(
                1.0,
                1.0,
                1.0,
            ),
        },
    ),
    (
        Id(
            53,
        ),
        Transform {
            translation: Vec3(
                -1.9883639,
                6.4999,
                -1.9881402,
            ),
            rotation: Quat(
                1.3898177e-6,
                -0.014251919,
                -1.0656904e-5,
                0.99989843,
            ),
            scale: Vec3(
                1.0,
                1.0,
                1.0,
            ),
        },
    ),
    (
        Id(
            54,
        ),
        Transform {
            translation: Vec3(
                -2.094955,
                6.4998703,
                0.032412723,
            ),
            rotation: Quat(
                -5.394439e-6,
                -0.026065364,
                -1.2520514e-5,
                0.99966025,
            ),
            scale: Vec3(
                1.0,
                1.0,
                1.0,
            ),
        },
    ),
    (
        Id(
            55,
        ),
        Transform {
            translation: Vec3(
                -1.8841723,
                6.4998913,
                2.2741911,
            ),
            rotation: Quat(
                7.136536e-6,
                -0.08494512,
                -5.5456294e-6,
                0.99638563,
            ),
            scale: Vec3(
                1.0,
                1.0,
                1.0,
            ),
        },
    ),
    (
        Id(
            56,
        ),
        Transform {
            translation: Vec3(
                -0.040435012,
                6.499896,
                -4.217033,
            ),
            rotation: Quat(
                -1.0937498e-6,
                0.0005769148,
                -1.2361402e-5,
                0.9999998,
            ),
            scale: Vec3(
                1.0,
                1.0,
                1.0,
            ),
        },
    ),
    (
        Id(
            57,
        ),
        Transform {
            translation: Vec3(
                0.08133389,
                6.49987,
                -1.9905888,
            ),
            rotation: Quat(
                -2.3703553e-5,
                0.021437174,
                -1.7860051e-5,
                0.9997702,
            ),
            scale: Vec3(
                1.0,
                1.0,
                1.0,
            ),
        },
    ),
    (
        Id(
            58,
        ),
        Transform {
            translation: Vec3(
                0.1879624,
                6.4999003,
                0.12204986,
            ),
            rotation: Quat(
                2.5173955e-5,
                0.034547277,
                -1.651468e-5,
                0.99940306,
            ),
            scale: Vec3(
                1.0,
                1.0,
                1.0,
            ),
        },
    ),
    (
        Id(
            59,
        ),
        Transform {
            translation: Vec3(
                0.17312475,
                6.499889,
                2.8727741,
            ),
            rotation: Quat(
                1.1870379e-5,
                -0.039233103,
                -1.1666968e-5,
                0.9992301,
            ),
            scale: Vec3(
                1.0,
                1.0,
                1.0,
            ),
        },
    ),
    (
        Id(
            60,
        ),
        Transform {
            translation: Vec3(
                2.1174662,
                6.4999065,
                -4.188167,
            ),
            rotation: Quat(
                -2.7270207e-6,
                -0.020572882,
                3.1483255e-6,
                0.99978834,
            ),
            scale: Vec3(
                1.0,
                1.0,
                1.0,
            ),
        },
    ),
    (
        Id(
            61,
        ),
        Transform {
            translation: Vec3(
                2.610953,
                6.499894,
                -2.0543513,
            ),
            rotation: Quat(
                -2.1848605e-6,
                -0.0671244,
                -6.317318e-6,
                0.9977446,
            ),
            scale: Vec3(
                1.0,
                1.0,
                1.0,
            ),
        },
    ),
    (
        Id(
            62,
        ),
        Transform {
            translation: Vec3(
                2.3809884,
                6.4999104,
                0.34574062,
            ),
            rotation: Quat(
                -1.4357044e-5,
                0.06815255,
                1.5165259e-7,
                0.9976749,
            ),
            scale: Vec3(
                1.0,
                1.0,
                1.0,
            ),
        },
    ),
    (
        Id(
            63,
        ),
        Transform {
            translation: Vec3(
                2.8196137,
                6.4998636,
                2.6008103,
            ),
            rotation: Quat(
                2.482447e-5,
                0.072949596,
                -2.2727407e-5,
                0.9973356,
            ),
            scale: Vec3(
                1.0,
                1.0,
                1.0,
            ),
        },
    ),
]
