---
source: crates/bevy_xpbd_3d/../../src/tests.rs
expression: bodies
---
[
    (
        Id(
            0,
        ),
        Transform {
            translation: Vec3(
                -5.113411,
                0.49945706,
                -5.139695,
            ),
            rotation: Quat(
                0.00010807226,
                -0.0005868604,
                2.1842374e-5,
                0.9999999,
            ),
            scale: Vec3(
                1.0,
                1.0,
                1.0,
            ),
        },
    ),
    (
        Id(
            1,
        ),
        Transform {
            translation: Vec3(
                -4.835055,
                0.49946946,
                -2.6625495,
            ),
            rotation: Quat(
                -5.7675243e-5,
                -0.009556999,
                6.832488e-6,
                0.99995434,
            ),
            scale: Vec3(
                1.0,
                1.0,
                1.0,
            ),
        },
    ),
    (
        Id(
            2,
        ),
        Transform {
            translation: Vec3(
                -4.230486,
                0.49931902,
                0.08395397,
            ),
            rotation: Quat(
                -5.5415076e-5,
                -0.03894135,
                -4.3636835e-5,
                0.99924153,
            ),
            scale: Vec3(
                1.0,
                1.0,
                1.0,
            ),
        },
    ),
    (
        Id(
            3,
        ),
        Transform {
            translation: Vec3(
                -4.7494264,
                0.49940923,
                2.391349,
            ),
            rotation: Quat(
                -0.000107041116,
                -0.029637631,
                -7.681712e-6,
                0.9995607,
            ),
            scale: Vec3(
                1.0,
                1.0,
                1.0,
            ),
        },
    ),
    (
        Id(
            4,
        ),
        Transform {
            translation: Vec3(
                -2.630009,
                0.49942112,
                -4.759593,
            ),
            rotation: Quat(
                -3.1674186e-5,
                0.039100427,
                6.448404e-6,
                0.9992353,
            ),
            scale: Vec3(
                1.0,
                1.0,
                1.0,
            ),
        },
    ),
    (
        Id(
            5,
        ),
        Transform {
            translation: Vec3(
                -2.1148057,
                0.4993734,
                -2.398312,
            ),
            rotation: Quat(
                8.659292e-5,
                -0.04540005,
                -5.0999963e-5,
                0.9989689,
            ),
            scale: Vec3(
                1.0,
                1.0,
                1.0,
            ),
        },
    ),
    (
        Id(
            6,
        ),
        Transform {
            translation: Vec3(
                -2.15673,
                0.49947253,
                -0.04962003,
            ),
            rotation: Quat(
                -0.0001581233,
                -0.043468066,
                3.293944e-5,
                0.99905485,
            ),
            scale: Vec3(
                1.0,
                1.0,
                1.0,
            ),
        },
    ),
    (
        Id(
            7,
        ),
        Transform {
            translation: Vec3(
                -2.4283237,
                0.49930313,
                2.3679237,
            ),
            rotation: Quat(
                6.58491e-5,
                0.0011262146,
                -2.7936476e-5,
                0.9999994,
            ),
            scale: Vec3(
                1.0,
                1.0,
                1.0,
            ),
        },
    ),
    (
        Id(
            8,
        ),
        Transform {
            translation: Vec3(
                0.060605492,
                0.4994752,
                -4.3069882,
            ),
            rotation: Quat(
                3.909823e-6,
                -0.015236098,
                1.8954779e-5,
                0.99988395,
            ),
            scale: Vec3(
                1.0,
                1.0,
                1.0,
            ),
        },
    ),
    (
        Id(
            9,
        ),
        Transform {
            translation: Vec3(
                0.06366182,
                0.49950874,
                -2.1675754,
            ),
            rotation: Quat(
                1.5231708e-5,
                -0.022059876,
                -0.0001293481,
                0.9997567,
            ),
            scale: Vec3(
                1.0,
                1.0,
                1.0,
            ),
        },
    ),
    (
        Id(
            10,
        ),
        Transform {
            translation: Vec3(
                -0.033144187,
                0.49935982,
                0.011851403,
            ),
            rotation: Quat(
                1.4220692e-5,
                -0.012073703,
                -2.3791072e-5,
                0.9999271,
            ),
            scale: Vec3(
                1.0,
                1.0,
                1.0,
            ),
        },
    ),
    (
        Id(
            11,
        ),
        Transform {
            translation: Vec3(
                -0.10021791,
                0.49931443,
                2.1748421,
            ),
            rotation: Quat(
                6.3335276e-5,
                0.045809228,
                5.3253076e-5,
                0.99895024,
            ),
            scale: Vec3(
                1.0,
                1.0,
                1.0,
            ),
        },
    ),
    (
        Id(
            12,
        ),
        Transform {
            translation: Vec3(
                2.3701973,
                0.49936152,
                -4.793929,
            ),
            rotation: Quat(
                5.1496892e-5,
                0.058203164,
                -6.760769e-5,
                0.99830484,
            ),
            scale: Vec3(
                1.0,
                1.0,
                1.0,
            ),
        },
    ),
    (
        Id(
            13,
        ),
        Transform {
            translation: Vec3(
                2.3441477,
                0.4997021,
                -2.1940463,
            ),
            rotation: Quat(
                -8.383683e-5,
                0.04385202,
                -0.00011680266,
                0.99903804,
            ),
            scale: Vec3(
                1.0,
                1.0,
                1.0,
            ),
        },
    ),
    (
        Id(
            14,
        ),
        Transform {
            translation: Vec3(
                1.9808912,
                0.49957487,
                -0.066627376,
            ),
            rotation: Quat(
                -5.4481963e-5,
                -0.01711722,
                -5.8291604e-5,
                0.99985355,
            ),
            scale: Vec3(
                1.0,
                1.0,
                1.0,
            ),
        },
    ),
    (
        Id(
            15,
        ),
        Transform {
            translation: Vec3(
                2.3095005,
                0.49963316,
                2.252608,
            ),
            rotation: Quat(
                2.4957582e-5,
                0.038007576,
                -3.6126046e-5,
                0.9992775,
            ),
            scale: Vec3(
                1.0,
                1.0,
                1.0,
            ),
        },
    ),
    (
        Id(
            16,
        ),
        Transform {
            translation: Vec3(
                -4.566753,
                2.4994082,
                -4.451648,
            ),
            rotation: Quat(
                -6.1629165e-5,
                -0.05809727,
                7.147787e-5,
                0.998311,
            ),
            scale: Vec3(
                1.0,
                1.0,
                1.0,
            ),
        },
    ),
    (
        Id(
            17,
        ),
        Transform {
            translation: Vec3(
                -4.90231,
                2.4992883,
                -2.0735626,
            ),
            rotation: Quat(
                -6.295095e-5,
                0.14814405,
                -1.0521899e-5,
                0.98896575,
            ),
            scale: Vec3(
                1.0,
                1.0,
                1.0,
            ),
        },
    ),
    (
        Id(
            18,
        ),
        Transform {
            translation: Vec3(
                -4.2853703,
                2.4993958,
                0.40305457,
            ),
            rotation: Quat(
                -0.000107603475,
                -0.023742545,
                -3.4276098e-5,
                0.9997181,
            ),
            scale: Vec3(
                1.0,
                1.0,
                1.0,
            ),
        },
    ),
    (
        Id(
            19,
        ),
        Transform {
            translation: Vec3(
                -4.6170774,
                2.499331,
                2.4755626,
            ),
            rotation: Quat(
                -3.153138e-6,
                -0.067616045,
                -6.32397e-5,
                0.9977114,
            ),
            scale: Vec3(
                1.0,
                1.0,
                1.0,
            ),
        },
    ),
    (
        Id(
            20,
        ),
        Transform {
            translation: Vec3(
                -2.3418274,
                2.499435,
                -5.055167,
            ),
            rotation: Quat(
                8.645175e-5,
                -0.08661038,
                -7.629833e-6,
                0.9962423,
            ),
            scale: Vec3(
                1.0,
                1.0,
                1.0,
            ),
        },
    ),
    (
        Id(
            21,
        ),
        Transform {
            translation: Vec3(
                -2.5443997,
                2.4994779,
                -2.753408,
            ),
            rotation: Quat(
                9.855302e-5,
                -0.037704285,
                -4.3576445e-5,
                0.999289,
            ),
            scale: Vec3(
                1.0,
                1.0,
                1.0,
            ),
        },
    ),
    (
        Id(
            22,
        ),
        Transform {
            translation: Vec3(
                -2.2202837,
                2.4990478,
                0.18721636,
            ),
            rotation: Quat(
                5.4966964e-5,
                -0.035844658,
                4.2226748e-7,
                0.99935746,
            ),
            scale: Vec3(
                1.0,
                1.0,
                1.0,
            ),
        },
    ),
    (
        Id(
            23,
        ),
        Transform {
            translation: Vec3(
                -2.2721703,
                2.4991217,
                2.8954616,
            ),
            rotation: Quat(
                3.682396e-5,
                -0.10581617,
                9.335653e-6,
                0.9943857,
            ),
            scale: Vec3(
                1.0,
                1.0,
                1.0,
            ),
        },
    ),
    (
        Id(
            24,
        ),
        Transform {
            translation: Vec3(
                0.07264135,
                2.4992366,
                -4.3311915,
            ),
            rotation: Quat(
                -6.241901e-5,
                -0.10882129,
                -4.32924e-5,
                0.9940614,
            ),
            scale: Vec3(
                1.0,
                1.0,
                1.0,
            ),
        },
    ),
    (
        Id(
            25,
        ),
        Transform {
            translation: Vec3(
                -0.0963281,
                2.4990542,
                -2.0113628,
            ),
            rotation: Quat(
                8.4210915e-5,
                -0.022463016,
                4.4477958e-5,
                0.9997477,
            ),
            scale: Vec3(
                1.0,
                1.0,
                1.0,
            ),
        },
    ),
    (
        Id(
            26,
        ),
        Transform {
            translation: Vec3(
                -0.042320065,
                2.499109,
                0.056535102,
            ),
            rotation: Quat(
                8.457908e-5,
                -0.011924826,
                -7.879501e-5,
                0.99992895,
            ),
            scale: Vec3(
                1.0,
                1.0,
                1.0,
            ),
        },
    ),
    (
        Id(
            27,
        ),
        Transform {
            translation: Vec3(
                0.06384104,
                2.4991927,
                2.441969,
            ),
            rotation: Quat(
                -2.0117895e-6,
                0.064406,
                0.0001064014,
                0.99792385,
            ),
            scale: Vec3(
                1.0,
                1.0,
                1.0,
            ),
        },
    ),
    (
        Id(
            28,
        ),
        Transform {
            translation: Vec3(
                2.5763783,
                2.499003,
                -5.1490455,
            ),
            rotation: Quat(
                4.3029984e-5,
                -0.15893959,
                -5.577595e-5,
                0.98728836,
            ),
            scale: Vec3(
                1.0,
                1.0,
                1.0,
            ),
        },
    ),
    (
        Id(
            29,
        ),
        Transform {
            translation: Vec3(
                2.6699307,
                2.499393,
                -2.1791255,
            ),
            rotation: Quat(
                -7.131298e-5,
                -0.037621856,
                -0.00013774271,
                0.99929214,
            ),
            scale: Vec3(
                1.0,
                1.0,
                1.0,
            ),
        },
    ),
    (
        Id(
            30,
        ),
        Transform {
            translation: Vec3(
                2.3214092,
                2.499058,
                0.08643044,
            ),
            rotation: Quat(
                1.2112869e-5,
                -0.00080882746,
                -3.9802337e-5,
                0.99999976,
            ),
            scale: Vec3(
                1.0,
                1.0,
                1.0,
            ),
        },
    ),
    (
        Id(
            31,
        ),
        Transform {
            translation: Vec3(
                2.3906355,
                2.4994838,
                2.6574328,
            ),
            rotation: Quat(
                -2.171196e-5,
                -0.10012749,
                -7.2132374e-5,
                0.9949747,
            ),
            scale: Vec3(
                1.0,
                1.0,
                1.0,
            ),
        },
    ),
    (
        Id(
            32,
        ),
        Transform {
            translation: Vec3(
                -4.756304,
                4.4991126,
                -4.7736483,
            ),
            rotation: Quat(
                -4.6537694e-5,
                0.02940093,
                0.00011156132,
                0.9995677,
            ),
            scale: Vec3(
                1.0,
                1.0,
                1.0,
            ),
        },
    ),
    (
        Id(
            33,
        ),
        Transform {
            translation: Vec3(
                -4.9856224,
                4.4989343,
                -2.2401168,
            ),
            rotation: Quat(
                -7.635451e-5,
                0.08438228,
                -3.2047148e-5,
                0.99643344,
            ),
            scale: Vec3(
                1.0,
                1.0,
                1.0,
            ),
        },
    ),
    (
        Id(
            34,
        ),
        Transform {
            translation: Vec3(
                -4.5150843,
                4.499159,
                0.088421345,
            ),
            rotation: Quat(
                -9.459573e-6,
                0.0079591675,
                -2.6057185e-5,
                0.99996835,
            ),
            scale: Vec3(
                1.0,
                1.0,
                1.0,
            ),
        },
    ),
    (
        Id(
            35,
        ),
        Transform {
            translation: Vec3(
                -4.2677608,
                4.499123,
                2.3389978,
            ),
            rotation: Quat(
                -1.3174151e-5,
                -0.06577089,
                -2.9647428e-5,
                0.9978348,
            ),
            scale: Vec3(
                1.0,
                1.0,
                1.0,
            ),
        },
    ),
    (
        Id(
            36,
        ),
        Transform {
            translation: Vec3(
                -2.5690012,
                4.49939,
                -4.0940504,
            ),
            rotation: Quat(
                1.0745072e-5,
                0.004646466,
                -1.2347575e-5,
                0.9999892,
            ),
            scale: Vec3(
                1.0,
                1.0,
                1.0,
            ),
        },
    ),
    (
        Id(
            37,
        ),
        Transform {
            translation: Vec3(
                -2.3990438,
                4.498858,
                -1.8319051,
            ),
            rotation: Quat(
                0.00016599742,
                -0.03645996,
                1.525689e-5,
                0.9993351,
            ),
            scale: Vec3(
                1.0,
                1.0,
                1.0,
            ),
        },
    ),
    (
        Id(
            38,
        ),
        Transform {
            translation: Vec3(
                -2.2606962,
                4.498789,
                0.306572,
            ),
            rotation: Quat(
                -3.0627052e-5,
                -0.026049292,
                5.6814068e-5,
                0.9996607,
            ),
            scale: Vec3(
                1.0,
                1.0,
                1.0,
            ),
        },
    ),
    (
        Id(
            39,
        ),
        Transform {
            translation: Vec3(
                -2.0571117,
                4.499073,
                2.8715227,
            ),
            rotation: Quat(
                2.8460327e-5,
                0.0386004,
                7.924838e-5,
                0.9992548,
            ),
            scale: Vec3(
                1.0,
                1.0,
                1.0,
            ),
        },
    ),
    (
        Id(
            40,
        ),
        Transform {
            translation: Vec3(
                -0.124717005,
                4.4987626,
                -4.359968,
            ),
            rotation: Quat(
                5.6123903e-5,
                -0.049825907,
                -8.821247e-5,
                0.99875796,
            ),
            scale: Vec3(
                1.0,
                1.0,
                1.0,
            ),
        },
    ),
    (
        Id(
            41,
        ),
        Transform {
            translation: Vec3(
                0.0217622,
                4.4987574,
                -2.0726368,
            ),
            rotation: Quat(
                5.1313655e-6,
                -0.051461518,
                -0.000100710735,
                0.998675,
            ),
            scale: Vec3(
                1.0,
                1.0,
                1.0,
            ),
        },
    ),
    (
        Id(
            42,
        ),
        Transform {
            translation: Vec3(
                -0.04481826,
                4.4988365,
                0.11490188,
            ),
            rotation: Quat(
                -4.2829568e-5,
                -0.085747175,
                5.984768e-5,
                0.99631697,
            ),
            scale: Vec3(
                1.0,
                1.0,
                1.0,
            ),
        },
    ),
    (
        Id(
            43,
        ),
        Transform {
            translation: Vec3(
                0.37206107,
                4.499143,
                2.3762054,
            ),
            rotation: Quat(
                1.1969182e-5,
                -0.12275805,
                0.00013347944,
                0.99243665,
            ),
            scale: Vec3(
                1.0,
                1.0,
                1.0,
            ),
        },
    ),
    (
        Id(
            44,
        ),
        Transform {
            translation: Vec3(
                2.6273541,
                4.4989786,
                -4.7649975,
            ),
            rotation: Quat(
                4.386103e-5,
                -0.1375828,
                -4.38103e-5,
                0.9904903,
            ),
            scale: Vec3(
                1.0,
                1.0,
                1.0,
            ),
        },
    ),
    (
        Id(
            45,
        ),
        Transform {
            translation: Vec3(
                3.5196247,
                4.4991198,
                -2.2163463,
            ),
            rotation: Quat(
                -5.9532726e-5,
                0.018949257,
                -0.00013687699,
                0.9998205,
            ),
            scale: Vec3(
                1.0,
                1.0,
                1.0,
            ),
        },
    ),
    (
        Id(
            46,
        ),
        Transform {
            translation: Vec3(
                2.654631,
                4.498961,
                0.08997714,
            ),
            rotation: Quat(
                -2.9926996e-6,
                -0.0034816195,
                1.7283899e-5,
                0.999994,
            ),
            scale: Vec3(
                1.0,
                1.0,
                1.0,
            ),
        },
    ),
    (
        Id(
            47,
        ),
        Transform {
            translation: Vec3(
                1.6193722,
                0.49980643,
                6.6805243,
            ),
            rotation: Quat(
                0.6554964,
                -0.26505864,
                0.2651016,
                0.6555833,
            ),
            scale: Vec3(
                1.0,
                1.0,
                1.0,
            ),
        },
    ),
    (
        Id(
            48,
        ),
        Transform {
            translation: Vec3(
                -5.3442144,
                6.498861,
                -5.0340066,
            ),
            rotation: Quat(
                -0.00013480661,
                0.0018419405,
                0.00010337903,
                0.99999833,
            ),
            scale: Vec3(
                1.0,
                1.0,
                1.0,
            ),
        },
    ),
    (
        Id(
            49,
        ),
        Transform {
            translation: Vec3(
                -4.749136,
                6.498947,
                -2.5899217,
            ),
            rotation: Quat(
                -0.00012972938,
                0.00878553,
                -2.4486486e-5,
                0.99996144,
            ),
            scale: Vec3(
                1.0,
                1.0,
                1.0,
            ),
        },
    ),
    (
        Id(
            50,
        ),
        Transform {
            translation: Vec3(
                -4.219203,
                6.499146,
                -0.42269474,
            ),
            rotation: Quat(
                1.7717055e-5,
                0.009585899,
                -6.0146976e-6,
                0.9999541,
            ),
            scale: Vec3(
                1.0,
                1.0,
                1.0,
            ),
        },
    ),
    (
        Id(
            51,
        ),
        Transform {
            translation: Vec3(
                -3.9828653,
                6.4991207,
                2.0538037,
            ),
            rotation: Quat(
                6.3059506e-6,
                -0.090720624,
                -1.34198635e-5,
                0.99587643,
            ),
            scale: Vec3(
                1.0,
                1.0,
                1.0,
            ),
        },
    ),
    (
        Id(
            52,
        ),
        Transform {
            translation: Vec3(
                -2.853621,
                6.4993615,
                -4.6361823,
            ),
            rotation: Quat(
                5.0233084e-6,
                0.09282126,
                -7.533971e-5,
                0.99568284,
            ),
            scale: Vec3(
                1.0,
                1.0,
                1.0,
            ),
        },
    ),
    (
        Id(
            53,
        ),
        Transform {
            translation: Vec3(
                -2.431028,
                6.4989495,
                -2.3689442,
            ),
            rotation: Quat(
                0.0002078095,
                0.136317,
                -3.5927307e-5,
                0.9906653,
            ),
            scale: Vec3(
                1.0,
                1.0,
                1.0,
            ),
        },
    ),
    (
        Id(
            54,
        ),
        Transform {
            translation: Vec3(
                -1.9836257,
                6.498768,
                0.14938366,
            ),
            rotation: Quat(
                -4.35206e-5,
                -0.07648539,
                6.4265114e-5,
                0.9970707,
            ),
            scale: Vec3(
                1.0,
                1.0,
                1.0,
            ),
        },
    ),
    (
        Id(
            55,
        ),
        Transform {
            translation: Vec3(
                -1.9254059,
                6.4990215,
                2.3972068,
            ),
            rotation: Quat(
                3.027782e-5,
                -0.05471148,
                3.2095875e-5,
                0.99850225,
            ),
            scale: Vec3(
                1.0,
                1.0,
                1.0,
            ),
        },
    ),
    (
        Id(
            56,
        ),
        Transform {
            translation: Vec3(
                -0.66080207,
                6.499001,
                -4.174332,
            ),
            rotation: Quat(
                -4.1727028e-5,
                0.09071906,
                -0.0001820728,
                0.99587655,
            ),
            scale: Vec3(
                1.0,
                1.0,
                1.0,
            ),
        },
    ),
    (
        Id(
            57,
        ),
        Transform {
            translation: Vec3(
                0.0703739,
                6.498773,
                -1.9666002,
            ),
            rotation: Quat(
                -3.1447988e-5,
                0.0072875093,
                -5.2466203e-5,
                0.9999735,
            ),
            scale: Vec3(
                1.0,
                1.0,
                1.0,
            ),
        },
    ),
    (
        Id(
            58,
        ),
        Transform {
            translation: Vec3(
                0.095411465,
                6.4989314,
                0.285457,
            ),
            rotation: Quat(
                -9.64349e-5,
                -0.04797648,
                -4.825359e-5,
                0.9988485,
            ),
            scale: Vec3(
                1.0,
                1.0,
                1.0,
            ),
        },
    ),
    (
        Id(
            59,
        ),
        Transform {
            translation: Vec3(
                0.30721146,
                6.49913,
                2.426402,
            ),
            rotation: Quat(
                0.0001313707,
                -0.08956657,
                -6.327829e-5,
                0.99598086,
            ),
            scale: Vec3(
                1.0,
                1.0,
                1.0,
            ),
        },
    ),
    (
        Id(
            60,
        ),
        Transform {
            translation: Vec3(
                1.9538422,
                6.4987416,
                -5.097163,
            ),
            rotation: Quat(
                -8.519874e-5,
                0.041043308,
                1.2638957e-5,
                0.9991574,
            ),
            scale: Vec3(
                1.0,
                1.0,
                1.0,
            ),
        },
    ),
    (
        Id(
            61,
        ),
        Transform {
            translation: Vec3(
                3.2042508,
                6.4991026,
                -3.0934684,
            ),
            rotation: Quat(
                -6.7218425e-5,
                -0.0016405289,
                -0.00014337423,
                0.9999987,
            ),
            scale: Vec3(
                1.0,
                1.0,
                1.0,
            ),
        },
    ),
    (
        Id(
            62,
        ),
        Transform {
            translation: Vec3(
                2.5636284,
                6.498872,
                -0.17456256,
            ),
            rotation: Quat(
                -1.7659331e-6,
                -0.016192032,
                -2.8106973e-5,
                0.9998689,
            ),
            scale: Vec3(
                1.0,
                1.0,
                1.0,
            ),
        },
    ),
    (
        Id(
            63,
        ),
        Transform {
            translation: Vec3(
                2.2939308,
                0.49982986,
                9.449806,
            ),
            rotation: Quat(
                0.9852775,
                1.3330864e-6,
                -0.170963,
                -7.327729e-5,
            ),
            scale: Vec3(
                1.0,
                1.0,
                1.0,
            ),
        },
    ),
]
