---
source: crates/bevy_xpbd_3d/../../src/tests.rs
expression: bodies
---
[
    (
        Id(
            0,
        ),
        Transform {
            translation: Vec3(
                -7.491103,
                0.49970052,
                -7.4250216,
            ),
            rotation: Quat(
                0.000100662895,
                0.0125991665,
                -4.975613e-5,
                0.99992067,
            ),
            scale: Vec3(
                1.0,
                1.0,
                1.0,
            ),
        },
    ),
    (
        Id(
            1,
        ),
        Transform {
            translation: Vec3(
                -5.117274,
                0.49962047,
                -2.6372097,
            ),
            rotation: Quat(
                -1.0786788e-5,
                -0.029479325,
                -3.2006243e-5,
                0.9995654,
            ),
            scale: Vec3(
                1.0,
                1.0,
                1.0,
            ),
        },
    ),
    (
        Id(
            2,
        ),
        Transform {
            translation: Vec3(
                -4.5140595,
                0.4996839,
                0.013087435,
            ),
            rotation: Quat(
                -6.050062e-6,
                -0.01593448,
                -2.7127639e-5,
                0.99987304,
            ),
            scale: Vec3(
                1.0,
                1.0,
                1.0,
            ),
        },
    ),
    (
        Id(
            3,
        ),
        Transform {
            translation: Vec3(
                -5.050511,
                0.4997201,
                2.452069,
            ),
            rotation: Quat(
                1.5094273e-5,
                0.059477776,
                -6.74418e-5,
                0.9982296,
            ),
            scale: Vec3(
                1.0,
                1.0,
                1.0,
            ),
        },
    ),
    (
        Id(
            4,
        ),
        Transform {
            translation: Vec3(
                -2.4637558,
                0.49913877,
                -5.3092375,
            ),
            rotation: Quat(
                -0.00017586688,
                0.034640536,
                -0.00015322042,
                0.9993999,
            ),
            scale: Vec3(
                1.0,
                1.0,
                1.0,
            ),
        },
    ),
    (
        Id(
            5,
        ),
        Transform {
            translation: Vec3(
                -2.7243629,
                0.49928263,
                -2.740171,
            ),
            rotation: Quat(
                5.0723855e-5,
                0.02059857,
                0.00010048945,
                0.99978787,
            ),
            scale: Vec3(
                1.0,
                1.0,
                1.0,
            ),
        },
    ),
    (
        Id(
            6,
        ),
        Transform {
            translation: Vec3(
                -2.3385415,
                0.49923623,
                -0.2326097,
            ),
            rotation: Quat(
                6.349044e-5,
                -0.018455269,
                1.08689865e-5,
                0.9998297,
            ),
            scale: Vec3(
                1.0,
                1.0,
                1.0,
            ),
        },
    ),
    (
        Id(
            7,
        ),
        Transform {
            translation: Vec3(
                -2.7127717,
                0.499459,
                2.920587,
            ),
            rotation: Quat(
                -4.331521e-5,
                -0.041756187,
                0.00011305308,
                0.99912786,
            ),
            scale: Vec3(
                1.0,
                1.0,
                1.0,
            ),
        },
    ),
    (
        Id(
            8,
        ),
        Transform {
            translation: Vec3(
                -0.08789223,
                0.4992498,
                -4.4728193,
            ),
            rotation: Quat(
                -3.923024e-5,
                -0.03378269,
                -8.341528e-5,
                0.9994292,
            ),
            scale: Vec3(
                1.0,
                1.0,
                1.0,
            ),
        },
    ),
    (
        Id(
            9,
        ),
        Transform {
            translation: Vec3(
                -0.22180879,
                0.49907473,
                -2.3462832,
            ),
            rotation: Quat(
                -5.6017718e-5,
                0.0053683626,
                5.260491e-5,
                0.9999857,
            ),
            scale: Vec3(
                1.0,
                1.0,
                1.0,
            ),
        },
    ),
    (
        Id(
            10,
        ),
        Transform {
            translation: Vec3(
                -0.01801183,
                0.49909836,
                0.043703828,
            ),
            rotation: Quat(
                7.864665e-6,
                0.06285102,
                -3.0683415e-5,
                0.99802303,
            ),
            scale: Vec3(
                1.0,
                1.0,
                1.0,
            ),
        },
    ),
    (
        Id(
            11,
        ),
        Transform {
            translation: Vec3(
                -0.109860785,
                0.49875805,
                2.3586721,
            ),
            rotation: Quat(
                -3.2102595e-5,
                0.06635678,
                5.024871e-5,
                0.9977961,
            ),
            scale: Vec3(
                1.0,
                1.0,
                1.0,
            ),
        },
    ),
    (
        Id(
            12,
        ),
        Transform {
            translation: Vec3(
                2.4904108,
                0.49937657,
                -5.1620445,
            ),
            rotation: Quat(
                1.6732487e-6,
                -0.059768517,
                -4.270056e-5,
                0.9982123,
            ),
            scale: Vec3(
                1.0,
                1.0,
                1.0,
            ),
        },
    ),
    (
        Id(
            13,
        ),
        Transform {
            translation: Vec3(
                2.9670472,
                0.49928162,
                -2.7516406,
            ),
            rotation: Quat(
                7.9470956e-5,
                0.033082373,
                3.5626974e-5,
                0.99945265,
            ),
            scale: Vec3(
                1.0,
                1.0,
                1.0,
            ),
        },
    ),
    (
        Id(
            14,
        ),
        Transform {
            translation: Vec3(
                2.4516566,
                0.49934626,
                -0.22472757,
            ),
            rotation: Quat(
                2.5784775e-6,
                0.009299282,
                -0.00011730824,
                0.9999568,
            ),
            scale: Vec3(
                1.0,
                1.0,
                1.0,
            ),
        },
    ),
    (
        Id(
            15,
        ),
        Transform {
            translation: Vec3(
                2.9239776,
                0.49931955,
                2.9076083,
            ),
            rotation: Quat(
                2.0695012e-5,
                0.0062594474,
                -5.32606e-6,
                0.99998045,
            ),
            scale: Vec3(
                1.0,
                1.0,
                1.0,
            ),
        },
    ),
    (
        Id(
            16,
        ),
        Transform {
            translation: Vec3(
                -5.856615,
                0.4997015,
                -5.4403524,
            ),
            rotation: Quat(
                -0.7070474,
                0.01198206,
                0.011852235,
                0.7069653,
            ),
            scale: Vec3(
                1.0,
                1.0,
                1.0,
            ),
        },
    ),
    (
        Id(
            17,
        ),
        Transform {
            translation: Vec3(
                -4.62757,
                2.4996388,
                -2.1733255,
            ),
            rotation: Quat(
                1.5309028e-5,
                0.0756463,
                -4.8231577e-5,
                0.9971347,
            ),
            scale: Vec3(
                1.0,
                1.0,
                1.0,
            ),
        },
    ),
    (
        Id(
            18,
        ),
        Transform {
            translation: Vec3(
                -4.4637957,
                2.4996216,
                0.26711982,
            ),
            rotation: Quat(
                5.877175e-5,
                -0.07269292,
                5.556364e-5,
                0.9973544,
            ),
            scale: Vec3(
                1.0,
                1.0,
                1.0,
            ),
        },
    ),
    (
        Id(
            19,
        ),
        Transform {
            translation: Vec3(
                -4.3766203,
                2.499743,
                2.4557016,
            ),
            rotation: Quat(
                4.3842207e-5,
                -0.02313916,
                -6.248184e-5,
                0.99973226,
            ),
            scale: Vec3(
                1.0,
                1.0,
                1.0,
            ),
        },
    ),
    (
        Id(
            20,
        ),
        Transform {
            translation: Vec3(
                -2.2004151,
                2.4992418,
                -4.581829,
            ),
            rotation: Quat(
                -0.00022045623,
                -0.09338757,
                0.00013676607,
                0.99562985,
            ),
            scale: Vec3(
                1.0,
                1.0,
                1.0,
            ),
        },
    ),
    (
        Id(
            21,
        ),
        Transform {
            translation: Vec3(
                -2.13236,
                2.4991019,
                -1.9749995,
            ),
            rotation: Quat(
                -0.0001523936,
                -0.036166392,
                -4.0870404e-5,
                0.9993458,
            ),
            scale: Vec3(
                1.0,
                1.0,
                1.0,
            ),
        },
    ),
    (
        Id(
            22,
        ),
        Transform {
            translation: Vec3(
                -2.0392826,
                2.49911,
                0.64758754,
            ),
            rotation: Quat(
                8.8335815e-5,
                0.008508083,
                3.747557e-5,
                0.9999638,
            ),
            scale: Vec3(
                1.0,
                1.0,
                1.0,
            ),
        },
    ),
    (
        Id(
            23,
        ),
        Transform {
            translation: Vec3(
                -2.0155404,
                2.4993477,
                2.9632459,
            ),
            rotation: Quat(
                -7.8026824e-5,
                0.06883067,
                -1.1049986e-5,
                0.99762833,
            ),
            scale: Vec3(
                1.0,
                1.0,
                1.0,
            ),
        },
    ),
    (
        Id(
            24,
        ),
        Transform {
            translation: Vec3(
                0.11152353,
                2.4989862,
                -4.957874,
            ),
            rotation: Quat(
                4.978257e-5,
                -0.03946816,
                8.753684e-5,
                0.99922085,
            ),
            scale: Vec3(
                1.0,
                1.0,
                1.0,
            ),
        },
    ),
    (
        Id(
            25,
        ),
        Transform {
            translation: Vec3(
                0.30485,
                2.499013,
                -1.9726697,
            ),
            rotation: Quat(
                -0.00022108105,
                -0.05666972,
                -8.332071e-5,
                0.998393,
            ),
            scale: Vec3(
                1.0,
                1.0,
                1.0,
            ),
        },
    ),
    (
        Id(
            26,
        ),
        Transform {
            translation: Vec3(
                0.3537741,
                2.4989145,
                0.4019827,
            ),
            rotation: Quat(
                -0.0001331907,
                0.07932223,
                7.243894e-5,
                0.99684906,
            ),
            scale: Vec3(
                1.0,
                1.0,
                1.0,
            ),
        },
    ),
    (
        Id(
            27,
        ),
        Transform {
            translation: Vec3(
                0.45713478,
                2.498639,
                2.8997712,
            ),
            rotation: Quat(
                5.676384e-5,
                -0.08800477,
                4.7969257e-5,
                0.9961201,
            ),
            scale: Vec3(
                1.0,
                1.0,
                1.0,
            ),
        },
    ),
    (
        Id(
            28,
        ),
        Transform {
            translation: Vec3(
                2.1550486,
                2.4993088,
                -4.558585,
            ),
            rotation: Quat(
                -7.8351935e-5,
                -0.008758627,
                5.87236e-5,
                0.9999617,
            ),
            scale: Vec3(
                1.0,
                1.0,
                1.0,
            ),
        },
    ),
    (
        Id(
            29,
        ),
        Transform {
            translation: Vec3(
                3.1127458,
                2.4993677,
                -1.7044672,
            ),
            rotation: Quat(
                -3.515524e-5,
                0.002616378,
                2.5534086e-5,
                0.9999966,
            ),
            scale: Vec3(
                1.0,
                1.0,
                1.0,
            ),
        },
    ),
    (
        Id(
            30,
        ),
        Transform {
            translation: Vec3(
                2.6639168,
                2.499025,
                0.7264531,
            ),
            rotation: Quat(
                0.00014442853,
                -0.005654536,
                -0.00019821663,
                0.99998397,
            ),
            scale: Vec3(
                1.0,
                1.0,
                1.0,
            ),
        },
    ),
    (
        Id(
            31,
        ),
        Transform {
            translation: Vec3(
                3.153368,
                2.4989915,
                3.0121055,
            ),
            rotation: Quat(
                7.6585726e-5,
                0.024918636,
                -1.4637226e-6,
                0.9996895,
            ),
            scale: Vec3(
                1.0,
                1.0,
                1.0,
            ),
        },
    ),
    (
        Id(
            32,
        ),
        Transform {
            translation: Vec3(
                -5.239306,
                0.499743,
                -8.633497,
            ),
            rotation: Quat(
                -0.70085853,
                -0.09437523,
                -0.09436631,
                0.7007037,
            ),
            scale: Vec3(
                1.0,
                1.0,
                1.0,
            ),
        },
    ),
    (
        Id(
            33,
        ),
        Transform {
            translation: Vec3(
                -7.6945043,
                0.49972484,
                -2.496247,
            ),
            rotation: Quat(
                0.005883649,
                3.740373e-5,
                0.9999827,
                0.000100572295,
            ),
            scale: Vec3(
                1.0,
                1.0,
                1.0,
            ),
        },
    ),
    (
        Id(
            34,
        ),
        Transform {
            translation: Vec3(
                -7.425155,
                1.3318676,
                -0.02214315,
            ),
            rotation: Quat(
                -0.22851808,
                0.27577013,
                0.7768336,
                0.5179381,
            ),
            scale: Vec3(
                1.0,
                1.0,
                1.0,
            ),
        },
    ),
    (
        Id(
            35,
        ),
        Transform {
            translation: Vec3(
                -7.7659793,
                0.49970138,
                2.5905328,
            ),
            rotation: Quat(
                0.13727829,
                -8.201868e-5,
                0.9905325,
                7.035393e-5,
            ),
            scale: Vec3(
                1.0,
                1.0,
                1.0,
            ),
        },
    ),
    (
        Id(
            36,
        ),
        Transform {
            translation: Vec3(
                -2.3974323,
                4.498533,
                -4.9579797,
            ),
            rotation: Quat(
                -2.5362564e-5,
                -0.061997432,
                -1.5741152e-5,
                0.9980763,
            ),
            scale: Vec3(
                1.0,
                1.0,
                1.0,
            ),
        },
    ),
    (
        Id(
            37,
        ),
        Transform {
            translation: Vec3(
                -2.4116886,
                4.498747,
                -2.494917,
            ),
            rotation: Quat(
                -1.841009e-5,
                -0.065193295,
                0.00015286745,
                0.99787265,
            ),
            scale: Vec3(
                1.0,
                1.0,
                1.0,
            ),
        },
    ),
    (
        Id(
            38,
        ),
        Transform {
            translation: Vec3(
                -1.8854243,
                4.499175,
                -0.08373339,
            ),
            rotation: Quat(
                0.0001494736,
                0.026927918,
                8.6328946e-5,
                0.99963737,
            ),
            scale: Vec3(
                1.0,
                1.0,
                1.0,
            ),
        },
    ),
    (
        Id(
            39,
        ),
        Transform {
            translation: Vec3(
                -2.2298248,
                4.499217,
                2.1775942,
            ),
            rotation: Quat(
                1.6814138e-5,
                0.03743778,
                8.446652e-5,
                0.999299,
            ),
            scale: Vec3(
                1.0,
                1.0,
                1.0,
            ),
        },
    ),
    (
        Id(
            40,
        ),
        Transform {
            translation: Vec3(
                0.11318978,
                4.4987197,
                -4.5014095,
            ),
            rotation: Quat(
                9.6565476e-5,
                -0.01742931,
                -4.6305147e-5,
                0.9998481,
            ),
            scale: Vec3(
                1.0,
                1.0,
                1.0,
            ),
        },
    ),
    (
        Id(
            41,
        ),
        Transform {
            translation: Vec3(
                -0.29200372,
                4.498738,
                -2.1948102,
            ),
            rotation: Quat(
                -5.8812337e-5,
                -0.06257413,
                -0.00013417448,
                0.9980403,
            ),
            scale: Vec3(
                1.0,
                1.0,
                1.0,
            ),
        },
    ),
    (
        Id(
            42,
        ),
        Transform {
            translation: Vec3(
                0.42965755,
                4.498358,
                0.2802253,
            ),
            rotation: Quat(
                -4.2285035e-5,
                0.062136855,
                -4.6680318e-5,
                0.9980677,
            ),
            scale: Vec3(
                1.0,
                1.0,
                1.0,
            ),
        },
    ),
    (
        Id(
            43,
        ),
        Transform {
            translation: Vec3(
                0.52938825,
                4.498385,
                2.855715,
            ),
            rotation: Quat(
                -5.8683778e-5,
                -0.099459514,
                5.5112105e-5,
                0.9950416,
            ),
            scale: Vec3(
                1.0,
                1.0,
                1.0,
            ),
        },
    ),
    (
        Id(
            44,
        ),
        Transform {
            translation: Vec3(
                2.8791473,
                4.49893,
                -4.7825255,
            ),
            rotation: Quat(
                -0.00013554185,
                0.056231003,
                -9.947635e-6,
                0.9984178,
            ),
            scale: Vec3(
                1.0,
                1.0,
                1.0,
            ),
        },
    ),
    (
        Id(
            45,
        ),
        Transform {
            translation: Vec3(
                2.0879066,
                4.499028,
                -1.932323,
            ),
            rotation: Quat(
                -0.00017600664,
                -0.093940765,
                2.895729e-5,
                0.9955778,
            ),
            scale: Vec3(
                1.0,
                1.0,
                1.0,
            ),
        },
    ),
    (
        Id(
            46,
        ),
        Transform {
            translation: Vec3(
                3.1672993,
                4.498671,
                0.77680594,
            ),
            rotation: Quat(
                0.000118772085,
                0.101812415,
                -9.6374955e-5,
                0.9948036,
            ),
            scale: Vec3(
                1.0,
                1.0,
                1.0,
            ),
        },
    ),
    (
        Id(
            47,
        ),
        Transform {
            translation: Vec3(
                3.5426705,
                4.498845,
                3.5086546,
            ),
            rotation: Quat(
                9.300578e-5,
                0.04410575,
                2.6937536e-5,
                0.9990269,
            ),
            scale: Vec3(
                1.0,
                1.0,
                1.0,
            ),
        },
    ),
    (
        Id(
            48,
        ),
        Transform {
            translation: Vec3(
                -7.285391,
                0.49969783,
                -18.658655,
            ),
            rotation: Quat(
                0.27203226,
                -0.27189365,
                0.6526613,
                -0.6527676,
            ),
            scale: Vec3(
                1.0,
                1.0,
                1.0,
            ),
        },
    ),
    (
        Id(
            49,
        ),
        Transform {
            translation: Vec3(
                -10.220359,
                0.49969655,
                -2.5950935,
            ),
            rotation: Quat(
                -0.050493516,
                -0.050302267,
                0.705291,
                0.705326,
            ),
            scale: Vec3(
                1.0,
                1.0,
                1.0,
            ),
        },
    ),
    (
        Id(
            50,
        ),
        Transform {
            translation: Vec3(
                -9.902753,
                0.49969923,
                1.1578505,
            ),
            rotation: Quat(
                -0.33846053,
                0.6207668,
                0.6209316,
                0.33843312,
            ),
            scale: Vec3(
                1.0,
                1.0,
                1.0,
            ),
        },
    ),
    (
        Id(
            51,
        ),
        Transform {
            translation: Vec3(
                -9.810901,
                0.49969834,
                4.09491,
            ),
            rotation: Quat(
                0.14995503,
                0.1500971,
                0.6910521,
                0.6909641,
            ),
            scale: Vec3(
                1.0,
                1.0,
                1.0,
            ),
        },
    ),
    (
        Id(
            52,
        ),
        Transform {
            translation: Vec3(
                -2.6859357,
                6.4983416,
                -4.5752287,
            ),
            rotation: Quat(
                -0.00012949374,
                0.13560651,
                0.00010065739,
                0.99076277,
            ),
            scale: Vec3(
                1.0,
                1.0,
                1.0,
            ),
        },
    ),
    (
        Id(
            53,
        ),
        Transform {
            translation: Vec3(
                -2.304347,
                6.498738,
                -2.0658116,
            ),
            rotation: Quat(
                -0.00011902717,
                0.028138625,
                5.0904888e-5,
                0.99960405,
            ),
            scale: Vec3(
                1.0,
                1.0,
                1.0,
            ),
        },
    ),
    (
        Id(
            54,
        ),
        Transform {
            translation: Vec3(
                -1.935037,
                6.498976,
                0.035400026,
            ),
            rotation: Quat(
                8.334789e-5,
                -0.035123285,
                6.687111e-5,
                0.999383,
            ),
            scale: Vec3(
                1.0,
                1.0,
                1.0,
            ),
        },
    ),
    (
        Id(
            55,
        ),
        Transform {
            translation: Vec3(
                -2.1851912,
                6.498916,
                2.1349611,
            ),
            rotation: Quat(
                2.1342537e-5,
                -0.0062634842,
                4.6040102e-5,
                0.9999804,
            ),
            scale: Vec3(
                1.0,
                1.0,
                1.0,
            ),
        },
    ),
    (
        Id(
            56,
        ),
        Transform {
            translation: Vec3(
                -0.11945735,
                6.4986844,
                -4.7256284,
            ),
            rotation: Quat(
                0.00010095695,
                0.048960462,
                8.201494e-5,
                0.9988007,
            ),
            scale: Vec3(
                1.0,
                1.0,
                1.0,
            ),
        },
    ),
    (
        Id(
            57,
        ),
        Transform {
            translation: Vec3(
                -0.15548754,
                6.498434,
                -2.3823032,
            ),
            rotation: Quat(
                -0.00016357194,
                -0.03815112,
                -9.166359e-5,
                0.999272,
            ),
            scale: Vec3(
                1.0,
                1.0,
                1.0,
            ),
        },
    ),
    (
        Id(
            58,
        ),
        Transform {
            translation: Vec3(
                0.6915059,
                6.4982896,
                -0.0077627436,
            ),
            rotation: Quat(
                -7.166323e-5,
                -0.03713825,
                -6.737408e-5,
                0.99931014,
            ),
            scale: Vec3(
                1.0,
                1.0,
                1.0,
            ),
        },
    ),
    (
        Id(
            59,
        ),
        Transform {
            translation: Vec3(
                0.22420824,
                6.498304,
                2.36405,
            ),
            rotation: Quat(
                7.046748e-5,
                -0.02318879,
                1.3133379e-5,
                0.9997311,
            ),
            scale: Vec3(
                1.0,
                1.0,
                1.0,
            ),
        },
    ),
    (
        Id(
            60,
        ),
        Transform {
            translation: Vec3(
                2.1562207,
                6.4986506,
                -4.616957,
            ),
            rotation: Quat(
                -2.2968494e-5,
                -0.010945058,
                6.470741e-5,
                0.9999401,
            ),
            scale: Vec3(
                1.0,
                1.0,
                1.0,
            ),
        },
    ),
    (
        Id(
            61,
        ),
        Transform {
            translation: Vec3(
                1.9719344,
                6.4987464,
                -2.1883187,
            ),
            rotation: Quat(
                -6.123904e-5,
                -0.009509043,
                -8.326136e-5,
                0.99995476,
            ),
            scale: Vec3(
                1.0,
                1.0,
                1.0,
            ),
        },
    ),
    (
        Id(
            62,
        ),
        Transform {
            translation: Vec3(
                2.927711,
                6.498822,
                0.25208122,
            ),
            rotation: Quat(
                7.620432e-5,
                0.111280076,
                -4.308047e-5,
                0.9937891,
            ),
            scale: Vec3(
                1.0,
                1.0,
                1.0,
            ),
        },
    ),
    (
        Id(
            63,
        ),
        Transform {
            translation: Vec3(
                2.912033,
                6.498755,
                2.828739,
            ),
            rotation: Quat(
                -2.8328708e-5,
                0.0858826,
                6.36985e-5,
                0.9963053,
            ),
            scale: Vec3(
                1.0,
                1.0,
                1.0,
            ),
        },
    ),
]
