---
source: crates/bevy_xpbd_3d/../../src/tests.rs
expression: bodies
---
[
    (
        Id(
            0,
        ),
        Transform {
            translation: Vec3(
                -4.1867976,
                0.50000024,
                -6.0857577,
            ),
            rotation: Quat(
                9.208015e-7,
                -0.24744423,
                -6.330012e-7,
                0.9689021,
            ),
            scale: Vec3(
                1.0,
                1.0,
                1.0,
            ),
        },
    ),
    (
        Id(
            1,
        ),
        Transform {
            translation: Vec3(
                -4.7879486,
                0.4999977,
                -2.4463303,
            ),
            rotation: Quat(
                2.632669e-6,
                -0.13040791,
                -9.980334e-7,
                0.99146044,
            ),
            scale: Vec3(
                1.0,
                1.0,
                1.0,
            ),
        },
    ),
    (
        Id(
            2,
        ),
        Transform {
            translation: Vec3(
                -4.4617143,
                0.4999817,
                -0.13373531,
            ),
            rotation: Quat(
                -5.5287755e-6,
                -0.09060853,
                6.1033757e-6,
                0.99588656,
            ),
            scale: Vec3(
                1.0,
                1.0,
                1.0,
            ),
        },
    ),
    (
        Id(
            3,
        ),
        Transform {
            translation: Vec3(
                -4.6951585,
                0.49999863,
                2.637377,
            ),
            rotation: Quat(
                3.216051e-6,
                -0.09593723,
                -1.9129504e-6,
                0.9953874,
            ),
            scale: Vec3(
                1.0,
                1.0,
                1.0,
            ),
        },
    ),
    (
        Id(
            4,
        ),
        Transform {
            translation: Vec3(
                -1.7971934,
                0.50000006,
                -5.401174,
            ),
            rotation: Quat(
                7.387352e-7,
                -0.16596004,
                -5.602375e-7,
                0.9861325,
            ),
            scale: Vec3(
                1.0,
                1.0,
                1.0,
            ),
        },
    ),
    (
        Id(
            5,
        ),
        Transform {
            translation: Vec3(
                -2.165873,
                0.49992388,
                -2.6214015,
            ),
            rotation: Quat(
                -1.1463191e-5,
                -0.17451112,
                1.2792702e-5,
                0.9846552,
            ),
            scale: Vec3(
                1.0,
                1.0,
                1.0,
            ),
        },
    ),
    (
        Id(
            6,
        ),
        Transform {
            translation: Vec3(
                -2.3216016,
                0.49992082,
                -0.038105402,
            ),
            rotation: Quat(
                -1.4865193e-6,
                -0.12663296,
                2.3470937e-5,
                0.9919496,
            ),
            scale: Vec3(
                1.0,
                1.0,
                1.0,
            ),
        },
    ),
    (
        Id(
            7,
        ),
        Transform {
            translation: Vec3(
                -2.25786,
                0.49997407,
                2.3758233,
            ),
            rotation: Quat(
                1.7923543e-5,
                -0.12574722,
                1.0905717e-5,
                0.99206233,
            ),
            scale: Vec3(
                1.0,
                1.0,
                1.0,
            ),
        },
    ),
    (
        Id(
            8,
        ),
        Transform {
            translation: Vec3(
                0.38338703,
                0.4999933,
                -5.460846,
            ),
            rotation: Quat(
                2.879241e-6,
                -0.13956326,
                -4.057182e-6,
                0.99021316,
            ),
            scale: Vec3(
                1.0,
                1.0,
                1.0,
            ),
        },
    ),
    (
        Id(
            9,
        ),
        Transform {
            translation: Vec3(
                0.34178904,
                0.49997833,
                -2.4718218,
            ),
            rotation: Quat(
                -9.6025215e-6,
                -0.17336358,
                9.502713e-6,
                0.9848579,
            ),
            scale: Vec3(
                1.0,
                1.0,
                1.0,
            ),
        },
    ),
    (
        Id(
            10,
        ),
        Transform {
            translation: Vec3(
                0.04454879,
                0.49992388,
                -0.18008474,
            ),
            rotation: Quat(
                5.59371e-6,
                -0.17537926,
                8.289665e-6,
                0.98450094,
            ),
            scale: Vec3(
                1.0,
                1.0,
                1.0,
            ),
        },
    ),
    (
        Id(
            11,
        ),
        Transform {
            translation: Vec3(
                0.015116339,
                0.49994525,
                2.32705,
            ),
            rotation: Quat(
                -7.6116844e-6,
                -0.17223659,
                6.0749803e-6,
                0.9850556,
            ),
            scale: Vec3(
                1.0,
                1.0,
                1.0,
            ),
        },
    ),
    (
        Id(
            12,
        ),
        Transform {
            translation: Vec3(
                2.5999794,
                0.49996316,
                -5.371192,
            ),
            rotation: Quat(
                8.740093e-6,
                -0.14839606,
                -9.884002e-6,
                0.988928,
            ),
            scale: Vec3(
                1.0,
                1.0,
                1.0,
            ),
        },
    ),
    (
        Id(
            13,
        ),
        Transform {
            translation: Vec3(
                2.7525685,
                0.49998912,
                -2.5220866,
            ),
            rotation: Quat(
                -2.284812e-6,
                -0.13284098,
                3.4539667e-6,
                0.9911374,
            ),
            scale: Vec3(
                1.0,
                1.0,
                1.0,
            ),
        },
    ),
    (
        Id(
            14,
        ),
        Transform {
            translation: Vec3(
                2.4142401,
                0.499985,
                -0.2633025,
            ),
            rotation: Quat(
                -1.3839423e-6,
                -0.21296838,
                1.2067212e-6,
                0.97705907,
            ),
            scale: Vec3(
                1.0,
                1.0,
                1.0,
            ),
        },
    ),
    (
        Id(
            15,
        ),
        Transform {
            translation: Vec3(
                2.2494886,
                0.4999715,
                2.3920193,
            ),
            rotation: Quat(
                -4.7399476e-6,
                -0.19578654,
                -3.8479774e-7,
                0.98064655,
            ),
            scale: Vec3(
                1.0,
                1.0,
                1.0,
            ),
        },
    ),
    (
        Id(
            16,
        ),
        Transform {
            translation: Vec3(
                -4.298944,
                2.5010204,
                -5.011273,
            ),
            rotation: Quat(
                0.02016916,
                -0.069579,
                0.009250374,
                0.99732965,
            ),
            scale: Vec3(
                1.0,
                1.0,
                1.0,
            ),
        },
    ),
    (
        Id(
            17,
        ),
        Transform {
            translation: Vec3(
                -4.6102357,
                2.4999511,
                -1.9187195,
            ),
            rotation: Quat(
                -4.531471e-6,
                0.14461176,
                -2.020477e-6,
                0.9894885,
            ),
            scale: Vec3(
                1.0,
                1.0,
                1.0,
            ),
        },
    ),
    (
        Id(
            18,
        ),
        Transform {
            translation: Vec3(
                -4.461077,
                2.499912,
                0.29696074,
            ),
            rotation: Quat(
                2.8073596e-6,
                0.117474966,
                -4.59478e-6,
                0.99307585,
            ),
            scale: Vec3(
                1.0,
                1.0,
                1.0,
            ),
        },
    ),
    (
        Id(
            19,
        ),
        Transform {
            translation: Vec3(
                -4.243606,
                2.4999087,
                2.370242,
            ),
            rotation: Quat(
                7.640218e-6,
                0.11328866,
                -2.8947392e-7,
                0.9935621,
            ),
            scale: Vec3(
                1.0,
                1.0,
                1.0,
            ),
        },
    ),
    (
        Id(
            20,
        ),
        Transform {
            translation: Vec3(
                -2.1630218,
                2.4999366,
                -4.5443945,
            ),
            rotation: Quat(
                2.1023345e-5,
                -0.0010062577,
                5.4663196e-6,
                0.9999995,
            ),
            scale: Vec3(
                1.0,
                1.0,
                1.0,
            ),
        },
    ),
    (
        Id(
            21,
        ),
        Transform {
            translation: Vec3(
                -2.442033,
                2.499901,
                -2.2100124,
            ),
            rotation: Quat(
                -2.0302165e-5,
                0.07998233,
                -4.519181e-6,
                0.9967963,
            ),
            scale: Vec3(
                1.0,
                1.0,
                1.0,
            ),
        },
    ),
    (
        Id(
            22,
        ),
        Transform {
            translation: Vec3(
                -2.077949,
                2.499905,
                -0.08275468,
            ),
            rotation: Quat(
                1.353308e-7,
                0.050896246,
                1.4900754e-5,
                0.99870396,
            ),
            scale: Vec3(
                1.0,
                1.0,
                1.0,
            ),
        },
    ),
    (
        Id(
            23,
        ),
        Transform {
            translation: Vec3(
                -2.0279481,
                2.499904,
                2.0054374,
            ),
            rotation: Quat(
                -2.3505843e-6,
                0.082010165,
                2.2893767e-6,
                0.9966315,
            ),
            scale: Vec3(
                1.0,
                1.0,
                1.0,
            ),
        },
    ),
    (
        Id(
            24,
        ),
        Transform {
            translation: Vec3(
                0.47151968,
                2.4999428,
                -4.6073804,
            ),
            rotation: Quat(
                7.113129e-6,
                0.19547962,
                -1.25376065e-8,
                0.98070776,
            ),
            scale: Vec3(
                1.0,
                1.0,
                1.0,
            ),
        },
    ),
    (
        Id(
            25,
        ),
        Transform {
            translation: Vec3(
                0.12564425,
                2.4999347,
                -2.2294803,
            ),
            rotation: Quat(
                -9.308318e-6,
                0.041228093,
                3.961692e-6,
                0.99914974,
            ),
            scale: Vec3(
                1.0,
                1.0,
                1.0,
            ),
        },
    ),
    (
        Id(
            26,
        ),
        Transform {
            translation: Vec3(
                0.05477323,
                2.499934,
                -0.08068365,
            ),
            rotation: Quat(
                9.745024e-7,
                0.03460907,
                -2.1435351e-5,
                0.9994009,
            ),
            scale: Vec3(
                1.0,
                1.0,
                1.0,
            ),
        },
    ),
    (
        Id(
            27,
        ),
        Transform {
            translation: Vec3(
                0.2574656,
                2.4999685,
                2.084294,
            ),
            rotation: Quat(
                -1.8960865e-5,
                0.047261942,
                -1.1264382e-5,
                0.99888253,
            ),
            scale: Vec3(
                1.0,
                1.0,
                1.0,
            ),
        },
    ),
    (
        Id(
            28,
        ),
        Transform {
            translation: Vec3(
                2.6047938,
                2.4999669,
                -4.8609195,
            ),
            rotation: Quat(
                -2.6743925e-7,
                0.17861505,
                -1.2518758e-5,
                0.983919,
            ),
            scale: Vec3(
                1.0,
                1.0,
                1.0,
            ),
        },
    ),
    (
        Id(
            29,
        ),
        Transform {
            translation: Vec3(
                2.8861353,
                2.499948,
                -2.5817165,
            ),
            rotation: Quat(
                1.7778858e-6,
                0.12128504,
                -8.884329e-6,
                0.9926177,
            ),
            scale: Vec3(
                1.0,
                1.0,
                1.0,
            ),
        },
    ),
    (
        Id(
            30,
        ),
        Transform {
            translation: Vec3(
                3.1173644,
                2.4999208,
                -0.14759395,
            ),
            rotation: Quat(
                -7.4745376e-6,
                0.023519626,
                -4.775615e-6,
                0.9997234,
            ),
            scale: Vec3(
                1.0,
                1.0,
                1.0,
            ),
        },
    ),
    (
        Id(
            31,
        ),
        Transform {
            translation: Vec3(
                2.455878,
                2.499972,
                1.9703451,
            ),
            rotation: Quat(
                -7.4072104e-6,
                0.06772966,
                -2.0049424e-7,
                0.99770373,
            ),
            scale: Vec3(
                1.0,
                1.0,
                1.0,
            ),
        },
    ),
    (
        Id(
            32,
        ),
        Transform {
            translation: Vec3(
                -4.3203044,
                4.486087,
                -4.5903106,
            ),
            rotation: Quat(
                0.019490017,
                -0.001135438,
                0.010603817,
                0.9997532,
            ),
            scale: Vec3(
                1.0,
                1.0,
                1.0,
            ),
        },
    ),
    (
        Id(
            33,
        ),
        Transform {
            translation: Vec3(
                -4.1866794,
                4.4998884,
                -2.0152936,
            ),
            rotation: Quat(
                -2.2138072e-5,
                -0.08801509,
                3.4364753e-6,
                0.99611914,
            ),
            scale: Vec3(
                1.0,
                1.0,
                1.0,
            ),
        },
    ),
    (
        Id(
            34,
        ),
        Transform {
            translation: Vec3(
                -4.3119087,
                4.49991,
                0.17637573,
            ),
            rotation: Quat(
                7.1096724e-6,
                0.0034260768,
                -1.3646661e-5,
                0.99999416,
            ),
            scale: Vec3(
                1.0,
                1.0,
                1.0,
            ),
        },
    ),
    (
        Id(
            35,
        ),
        Transform {
            translation: Vec3(
                -4.244777,
                4.4999037,
                2.2893982,
            ),
            rotation: Quat(
                1.025413e-5,
                0.016483402,
                -6.1275014e-6,
                0.99986416,
            ),
            scale: Vec3(
                1.0,
                1.0,
                1.0,
            ),
        },
    ),
    (
        Id(
            36,
        ),
        Transform {
            translation: Vec3(
                -2.2105145,
                4.4998837,
                -4.166192,
            ),
            rotation: Quat(
                1.2725913e-5,
                0.015554554,
                -7.145553e-6,
                0.999879,
            ),
            scale: Vec3(
                1.0,
                1.0,
                1.0,
            ),
        },
    ),
    (
        Id(
            37,
        ),
        Transform {
            translation: Vec3(
                -2.1666954,
                4.4998927,
                -1.9039094,
            ),
            rotation: Quat(
                -1.5808151e-5,
                -0.08263886,
                -2.9500742e-7,
                0.9965796,
            ),
            scale: Vec3(
                1.0,
                1.0,
                1.0,
            ),
        },
    ),
    (
        Id(
            38,
        ),
        Transform {
            translation: Vec3(
                -2.2148645,
                4.499907,
                0.3160874,
            ),
            rotation: Quat(
                -6.066726e-6,
                0.037894905,
                1.1973995e-5,
                0.9992817,
            ),
            scale: Vec3(
                1.0,
                1.0,
                1.0,
            ),
        },
    ),
    (
        Id(
            39,
        ),
        Transform {
            translation: Vec3(
                -2.1461642,
                4.4999013,
                2.538882,
            ),
            rotation: Quat(
                -7.2246025e-6,
                0.038599193,
                -8.286706e-6,
                0.99925476,
            ),
            scale: Vec3(
                1.0,
                1.0,
                1.0,
            ),
        },
    ),
    (
        Id(
            40,
        ),
        Transform {
            translation: Vec3(
                0.07227289,
                4.499911,
                -4.454512,
            ),
            rotation: Quat(
                5.0312897e-6,
                0.10713798,
                1.3273351e-6,
                0.99424416,
            ),
            scale: Vec3(
                1.0,
                1.0,
                1.0,
            ),
        },
    ),
    (
        Id(
            41,
        ),
        Transform {
            translation: Vec3(
                -0.04534096,
                4.4998903,
                -2.125873,
            ),
            rotation: Quat(
                -1.7739585e-5,
                -0.02586103,
                9.1206755e-7,
                0.99966556,
            ),
            scale: Vec3(
                1.0,
                1.0,
                1.0,
            ),
        },
    ),
    (
        Id(
            42,
        ),
        Transform {
            translation: Vec3(
                -0.21756718,
                4.4999056,
                0.14772074,
            ),
            rotation: Quat(
                1.635793e-6,
                0.04006267,
                -9.19473e-6,
                0.9991972,
            ),
            scale: Vec3(
                1.0,
                1.0,
                1.0,
            ),
        },
    ),
    (
        Id(
            43,
        ),
        Transform {
            translation: Vec3(
                -1.7585225,
                0.49999946,
                6.323467,
            ),
            rotation: Quat(
                0.57714707,
                0.577146,
                0.40853602,
                0.4085365,
            ),
            scale: Vec3(
                1.0,
                1.0,
                1.0,
            ),
        },
    ),
    (
        Id(
            44,
        ),
        Transform {
            translation: Vec3(
                2.4773467,
                4.4999266,
                -4.5997567,
            ),
            rotation: Quat(
                4.3891773e-6,
                0.078471676,
                -9.273196e-6,
                0.99691635,
            ),
            scale: Vec3(
                1.0,
                1.0,
                1.0,
            ),
        },
    ),
    (
        Id(
            45,
        ),
        Transform {
            translation: Vec3(
                2.3767102,
                4.4999113,
                -2.1422915,
            ),
            rotation: Quat(
                -5.150359e-6,
                -0.02763169,
                7.483921e-7,
                0.9996182,
            ),
            scale: Vec3(
                1.0,
                1.0,
                1.0,
            ),
        },
    ),
    (
        Id(
            46,
        ),
        Transform {
            translation: Vec3(
                1.9374137,
                4.4999094,
                0.29572377,
            ),
            rotation: Quat(
                -8.70319e-6,
                -0.011068583,
                4.9304654e-6,
                0.9999387,
            ),
            scale: Vec3(
                1.0,
                1.0,
                1.0,
            ),
        },
    ),
    (
        Id(
            47,
        ),
        Transform {
            translation: Vec3(
                1.7311392,
                0.49999946,
                6.3909783,
            ),
            rotation: Quat(
                0.65996474,
                -0.25386488,
                0.25386417,
                0.6599638,
            ),
            scale: Vec3(
                1.0,
                1.0,
                1.0,
            ),
        },
    ),
    (
        Id(
            48,
        ),
        Transform {
            translation: Vec3(
                -4.1661134,
                6.5153475,
                -4.0988545,
            ),
            rotation: Quat(
                0.0076335235,
                0.041497793,
                -0.00011189014,
                0.99910945,
            ),
            scale: Vec3(
                1.0,
                1.0,
                1.0,
            ),
        },
    ),
    (
        Id(
            49,
        ),
        Transform {
            translation: Vec3(
                -4.341379,
                6.499901,
                -1.9119327,
            ),
            rotation: Quat(
                -1.8548331e-5,
                -0.033114914,
                -9.070224e-6,
                0.9994516,
            ),
            scale: Vec3(
                1.0,
                1.0,
                1.0,
            ),
        },
    ),
    (
        Id(
            50,
        ),
        Transform {
            translation: Vec3(
                -4.2239585,
                6.4999022,
                0.1747845,
            ),
            rotation: Quat(
                4.926783e-6,
                -0.03649448,
                -1.3002637e-5,
                0.99933386,
            ),
            scale: Vec3(
                1.0,
                1.0,
                1.0,
            ),
        },
    ),
    (
        Id(
            51,
        ),
        Transform {
            translation: Vec3(
                -4.352482,
                6.4998994,
                2.4333336,
            ),
            rotation: Quat(
                7.3779884e-6,
                -0.03553709,
                -1.0915013e-5,
                0.99936837,
            ),
            scale: Vec3(
                1.0,
                1.0,
                1.0,
            ),
        },
    ),
    (
        Id(
            52,
        ),
        Transform {
            translation: Vec3(
                -2.064214,
                6.4998817,
                -3.9323854,
            ),
            rotation: Quat(
                1.1837101e-5,
                -0.0024231684,
                -1.0110564e-5,
                0.9999971,
            ),
            scale: Vec3(
                1.0,
                1.0,
                1.0,
            ),
        },
    ),
    (
        Id(
            53,
        ),
        Transform {
            translation: Vec3(
                -2.3302379,
                6.4999022,
                -1.786876,
            ),
            rotation: Quat(
                -1.1942683e-5,
                -0.040673528,
                -6.114632e-6,
                0.9991725,
            ),
            scale: Vec3(
                1.0,
                1.0,
                1.0,
            ),
        },
    ),
    (
        Id(
            54,
        ),
        Transform {
            translation: Vec3(
                -2.2121964,
                6.4998865,
                0.24414416,
            ),
            rotation: Quat(
                -1.2251034e-5,
                -0.04200351,
                1.7325769e-5,
                0.99911743,
            ),
            scale: Vec3(
                1.0,
                1.0,
                1.0,
            ),
        },
    ),
    (
        Id(
            55,
        ),
        Transform {
            translation: Vec3(
                -2.1678052,
                6.499902,
                2.372565,
            ),
            rotation: Quat(
                -9.594868e-6,
                0.026792664,
                -8.724165e-6,
                0.999641,
            ),
            scale: Vec3(
                1.0,
                1.0,
                1.0,
            ),
        },
    ),
    (
        Id(
            56,
        ),
        Transform {
            translation: Vec3(
                0.023325535,
                6.4998765,
                -3.8439238,
            ),
            rotation: Quat(
                5.421413e-6,
                -0.044897597,
                8.5169637e-7,
                0.9989916,
            ),
            scale: Vec3(
                1.0,
                1.0,
                1.0,
            ),
        },
    ),
    (
        Id(
            57,
        ),
        Transform {
            translation: Vec3(
                -0.28417015,
                6.4998846,
                -1.5704988,
            ),
            rotation: Quat(
                -1.417219e-5,
                -0.06363166,
                -2.339664e-6,
                0.99797344,
            ),
            scale: Vec3(
                1.0,
                1.0,
                1.0,
            ),
        },
    ),
    (
        Id(
            58,
        ),
        Transform {
            translation: Vec3(
                0.1628234,
                6.4999146,
                0.8591292,
            ),
            rotation: Quat(
                7.784463e-6,
                -0.020942386,
                -1.1987103e-6,
                0.99978065,
            ),
            scale: Vec3(
                1.0,
                1.0,
                1.0,
            ),
        },
    ),
    (
        Id(
            59,
        ),
        Transform {
            translation: Vec3(
                -1.7100108,
                0.49999946,
                13.4526615,
            ),
            rotation: Quat(
                0.66547024,
                0.23905906,
                0.23906024,
                -0.66547,
            ),
            scale: Vec3(
                1.0,
                1.0,
                1.0,
            ),
        },
    ),
    (
        Id(
            60,
        ),
        Transform {
            translation: Vec3(
                2.2316918,
                6.4999027,
                -4.5576634,
            ),
            rotation: Quat(
                -6.547934e-7,
                -0.069362946,
                -9.3559065e-6,
                0.9975915,
            ),
            scale: Vec3(
                1.0,
                1.0,
                1.0,
            ),
        },
    ),
    (
        Id(
            61,
        ),
        Transform {
            translation: Vec3(
                2.1660929,
                6.499864,
                -2.4370914,
            ),
            rotation: Quat(
                -5.242343e-6,
                -0.0072062057,
                4.103413e-6,
                0.999974,
            ),
            scale: Vec3(
                1.0,
                1.0,
                1.0,
            ),
        },
    ),
    (
        Id(
            62,
        ),
        Transform {
            translation: Vec3(
                2.2756386,
                6.4998913,
                -0.37572244,
            ),
            rotation: Quat(
                -2.7458753e-7,
                -0.033165827,
                -2.742782e-7,
                0.99944985,
            ),
            scale: Vec3(
                1.0,
                1.0,
                1.0,
            ),
        },
    ),
    (
        Id(
            63,
        ),
        Transform {
            translation: Vec3(
                7.7369704,
                0.49999946,
                10.227277,
            ),
            rotation: Quat(
                0.3496638,
                -0.34966257,
                -0.614602,
                0.614602,
            ),
            scale: Vec3(
                1.0,
                1.0,
                1.0,
            ),
        },
    ),
]
