---
source: crates/bevy_xpbd_3d/../../src/tests.rs
expression: bodies
---
[
    (
        Id(
            0,
        ),
        Transform {
            translation: Vec3(
                -4.8840775,
                0.49998614,
                -6.3129463,
            ),
            rotation: Quat(
                1.021307e-5,
                0.093049645,
                6.8060144e-6,
                0.9956615,
            ),
            scale: Vec3(
                1.0,
                1.0,
                1.0,
            ),
        },
    ),
    (
        Id(
            1,
        ),
        Transform {
            translation: Vec3(
                -4.5964494,
                0.49992126,
                -2.6822681,
            ),
            rotation: Quat(
                -1.6636792e-5,
                -0.24592756,
                -2.7888416e-6,
                0.96928823,
            ),
            scale: Vec3(
                1.0,
                1.0,
                1.0,
            ),
        },
    ),
    (
        Id(
            2,
        ),
        Transform {
            translation: Vec3(
                -4.3248773,
                0.4999228,
                -0.17086446,
            ),
            rotation: Quat(
                2.0519221e-6,
                -0.15819,
                9.042746e-6,
                0.9874087,
            ),
            scale: Vec3(
                1.0,
                1.0,
                1.0,
            ),
        },
    ),
    (
        Id(
            3,
        ),
        Transform {
            translation: Vec3(
                -4.4412217,
                0.49999866,
                2.6387563,
            ),
            rotation: Quat(
                3.540812e-6,
                -0.116961814,
                -2.04861e-6,
                0.9931364,
            ),
            scale: Vec3(
                1.0,
                1.0,
                1.0,
            ),
        },
    ),
    (
        Id(
            4,
        ),
        Transform {
            translation: Vec3(
                -2.1452253,
                0.4999498,
                -5.5944157,
            ),
            rotation: Quat(
                5.319262e-5,
                -0.17677967,
                -9.545255e-6,
                0.9842504,
            ),
            scale: Vec3(
                1.0,
                1.0,
                1.0,
            ),
        },
    ),
    (
        Id(
            5,
        ),
        Transform {
            translation: Vec3(
                -2.0166335,
                0.49993542,
                -2.4149897,
            ),
            rotation: Quat(
                2.5634718e-5,
                -0.15976909,
                6.7164265e-6,
                0.9871544,
            ),
            scale: Vec3(
                1.0,
                1.0,
                1.0,
            ),
        },
    ),
    (
        Id(
            6,
        ),
        Transform {
            translation: Vec3(
                -2.2364225,
                0.4999671,
                0.30047134,
            ),
            rotation: Quat(
                6.6363104e-6,
                -0.15254955,
                -7.864287e-6,
                0.98829585,
            ),
            scale: Vec3(
                1.0,
                1.0,
                1.0,
            ),
        },
    ),
    (
        Id(
            7,
        ),
        Transform {
            translation: Vec3(
                -2.1912346,
                0.49995777,
                2.7510848,
            ),
            rotation: Quat(
                2.27204e-6,
                -0.058584716,
                -6.692791e-6,
                0.99828243,
            ),
            scale: Vec3(
                1.0,
                1.0,
                1.0,
            ),
        },
    ),
    (
        Id(
            8,
        ),
        Transform {
            translation: Vec3(
                0.080052644,
                0.4999958,
                -5.6150384,
            ),
            rotation: Quat(
                3.4785962e-6,
                -0.058722805,
                -3.4695254e-6,
                0.9982743,
            ),
            scale: Vec3(
                1.0,
                1.0,
                1.0,
            ),
        },
    ),
    (
        Id(
            9,
        ),
        Transform {
            translation: Vec3(
                0.13608316,
                0.499906,
                -2.457428,
            ),
            rotation: Quat(
                -9.838817e-7,
                -0.14868803,
                1.8792523e-5,
                0.98888415,
            ),
            scale: Vec3(
                1.0,
                1.0,
                1.0,
            ),
        },
    ),
    (
        Id(
            10,
        ),
        Transform {
            translation: Vec3(
                0.079418726,
                0.49993843,
                0.08562035,
            ),
            rotation: Quat(
                9.89041e-6,
                -0.05644419,
                -7.1605564e-6,
                0.99840575,
            ),
            scale: Vec3(
                1.0,
                1.0,
                1.0,
            ),
        },
    ),
    (
        Id(
            11,
        ),
        Transform {
            translation: Vec3(
                0.38031706,
                0.49994525,
                2.603351,
            ),
            rotation: Quat(
                3.4154615e-7,
                -0.04453798,
                -1.6303159e-6,
                0.9990077,
            ),
            scale: Vec3(
                1.0,
                1.0,
                1.0,
            ),
        },
    ),
    (
        Id(
            12,
        ),
        Transform {
            translation: Vec3(
                2.9306567,
                0.5000009,
                -5.4706345,
            ),
            rotation: Quat(
                2.3209077e-7,
                -0.30563417,
                -4.6851065e-7,
                0.95214903,
            ),
            scale: Vec3(
                1.0,
                1.0,
                1.0,
            ),
        },
    ),
    (
        Id(
            13,
        ),
        Transform {
            translation: Vec3(
                2.6305487,
                0.49999875,
                -2.497731,
            ),
            rotation: Quat(
                1.8066021e-6,
                -0.13722269,
                -7.0844806e-7,
                0.9905402,
            ),
            scale: Vec3(
                1.0,
                1.0,
                1.0,
            ),
        },
    ),
    (
        Id(
            14,
        ),
        Transform {
            translation: Vec3(
                2.393628,
                0.49995422,
                -0.13766682,
            ),
            rotation: Quat(
                1.7823162e-5,
                -0.19327234,
                1.97134e-6,
                0.98114514,
            ),
            scale: Vec3(
                1.0,
                1.0,
                1.0,
            ),
        },
    ),
    (
        Id(
            15,
        ),
        Transform {
            translation: Vec3(
                2.491556,
                0.499996,
                2.5504298,
            ),
            rotation: Quat(
                5.196372e-6,
                -0.058466423,
                -2.7348212e-6,
                0.99828935,
            ),
            scale: Vec3(
                1.0,
                1.0,
                1.0,
            ),
        },
    ),
    (
        Id(
            16,
        ),
        Transform {
            translation: Vec3(
                -4.662588,
                2.499905,
                -4.3226237,
            ),
            rotation: Quat(
                1.483363e-5,
                -0.073136546,
                -6.0377903e-7,
                0.99732196,
            ),
            scale: Vec3(
                1.0,
                1.0,
                1.0,
            ),
        },
    ),
    (
        Id(
            17,
        ),
        Transform {
            translation: Vec3(
                -4.177984,
                2.4999137,
                -2.125405,
            ),
            rotation: Quat(
                -8.976946e-6,
                -0.0091114715,
                -5.6848403e-6,
                0.9999585,
            ),
            scale: Vec3(
                1.0,
                1.0,
                1.0,
            ),
        },
    ),
    (
        Id(
            18,
        ),
        Transform {
            translation: Vec3(
                -4.3157706,
                2.4999058,
                -0.051404595,
            ),
            rotation: Quat(
                1.3230207e-5,
                0.018637767,
                -1.2472643e-6,
                0.9998263,
            ),
            scale: Vec3(
                1.0,
                1.0,
                1.0,
            ),
        },
    ),
    (
        Id(
            19,
        ),
        Transform {
            translation: Vec3(
                -4.067958,
                2.4998908,
                2.3522725,
            ),
            rotation: Quat(
                4.46566e-6,
                0.03355747,
                7.713113e-6,
                0.9994368,
            ),
            scale: Vec3(
                1.0,
                1.0,
                1.0,
            ),
        },
    ),
    (
        Id(
            20,
        ),
        Transform {
            translation: Vec3(
                -2.159903,
                2.500702,
                -5.0451503,
            ),
            rotation: Quat(
                0.0008281269,
                0.11962082,
                0.00040496586,
                0.99281925,
            ),
            scale: Vec3(
                1.0,
                1.0,
                1.0,
            ),
        },
    ),
    (
        Id(
            21,
        ),
        Transform {
            translation: Vec3(
                -1.9693993,
                2.4999104,
                -2.249833,
            ),
            rotation: Quat(
                2.9868295e-5,
                -0.00567612,
                1.45236e-5,
                0.9999839,
            ),
            scale: Vec3(
                1.0,
                1.0,
                1.0,
            ),
        },
    ),
    (
        Id(
            22,
        ),
        Transform {
            translation: Vec3(
                -2.1200032,
                2.4990773,
                0.131278,
            ),
            rotation: Quat(
                -0.00017730892,
                0.06616363,
                0.00027539983,
                0.99780875,
            ),
            scale: Vec3(
                1.0,
                1.0,
                1.0,
            ),
        },
    ),
    (
        Id(
            23,
        ),
        Transform {
            translation: Vec3(
                -1.7671894,
                2.499954,
                2.538702,
            ),
            rotation: Quat(
                3.2592714e-6,
                0.1611022,
                -7.982803e-6,
                0.9869377,
            ),
            scale: Vec3(
                1.0,
                1.0,
                1.0,
            ),
        },
    ),
    (
        Id(
            24,
        ),
        Transform {
            translation: Vec3(
                0.12926933,
                2.499903,
                -4.650124,
            ),
            rotation: Quat(
                4.40926e-5,
                0.11931538,
                1.5501978e-6,
                0.9928564,
            ),
            scale: Vec3(
                1.0,
                1.0,
                1.0,
            ),
        },
    ),
    (
        Id(
            25,
        ),
        Transform {
            translation: Vec3(
                0.1417445,
                2.4999175,
                -2.158794,
            ),
            rotation: Quat(
                2.3013969e-5,
                0.002523815,
                -1.9412608e-5,
                0.99999684,
            ),
            scale: Vec3(
                1.0,
                1.0,
                1.0,
            ),
        },
    ),
    (
        Id(
            26,
        ),
        Transform {
            translation: Vec3(
                0.09210145,
                2.4999523,
                0.14431445,
            ),
            rotation: Quat(
                9.503883e-6,
                0.088851586,
                -2.6966816e-6,
                0.9960449,
            ),
            scale: Vec3(
                1.0,
                1.0,
                1.0,
            ),
        },
    ),
    (
        Id(
            27,
        ),
        Transform {
            translation: Vec3(
                0.46577328,
                2.4999602,
                2.3998425,
            ),
            rotation: Quat(
                5.8005376e-6,
                0.118931964,
                -6.0612965e-6,
                0.9929024,
            ),
            scale: Vec3(
                1.0,
                1.0,
                1.0,
            ),
        },
    ),
    (
        Id(
            28,
        ),
        Transform {
            translation: Vec3(
                2.549638,
                2.5053687,
                -4.621387,
            ),
            rotation: Quat(
                -0.0021512546,
                0.18118577,
                0.0010396797,
                0.983446,
            ),
            scale: Vec3(
                1.0,
                1.0,
                1.0,
            ),
        },
    ),
    (
        Id(
            29,
        ),
        Transform {
            translation: Vec3(
                2.6509469,
                2.4999816,
                -2.3103673,
            ),
            rotation: Quat(
                8.812365e-7,
                0.10688069,
                -1.4779067e-5,
                0.9942719,
            ),
            scale: Vec3(
                1.0,
                1.0,
                1.0,
            ),
        },
    ),
    (
        Id(
            30,
        ),
        Transform {
            translation: Vec3(
                2.1744192,
                2.4999044,
                -0.11582472,
            ),
            rotation: Quat(
                6.1420033e-6,
                0.06586435,
                -3.1262243e-6,
                0.9978286,
            ),
            scale: Vec3(
                1.0,
                1.0,
                1.0,
            ),
        },
    ),
    (
        Id(
            31,
        ),
        Transform {
            translation: Vec3(
                2.5712745,
                2.4999385,
                1.9223919,
            ),
            rotation: Quat(
                -6.1123114e-6,
                0.095650524,
                -2.5949867e-6,
                0.995415,
            ),
            scale: Vec3(
                1.0,
                1.0,
                1.0,
            ),
        },
    ),
    (
        Id(
            32,
        ),
        Transform {
            translation: Vec3(
                -4.7222004,
                4.499917,
                -4.0457153,
            ),
            rotation: Quat(
                2.3874393e-6,
                -0.023879122,
                -2.877863e-6,
                0.99971485,
            ),
            scale: Vec3(
                1.0,
                1.0,
                1.0,
            ),
        },
    ),
    (
        Id(
            33,
        ),
        Transform {
            translation: Vec3(
                -4.4281816,
                4.4999204,
                -1.8141768,
            ),
            rotation: Quat(
                -9.476739e-6,
                -0.049846936,
                -8.67436e-7,
                0.9987569,
            ),
            scale: Vec3(
                1.0,
                1.0,
                1.0,
            ),
        },
    ),
    (
        Id(
            34,
        ),
        Transform {
            translation: Vec3(
                -4.4111433,
                4.499904,
                0.5215338,
            ),
            rotation: Quat(
                5.2289547e-6,
                -0.018272685,
                4.2383494e-6,
                0.99983305,
            ),
            scale: Vec3(
                1.0,
                1.0,
                1.0,
            ),
        },
    ),
    (
        Id(
            35,
        ),
        Transform {
            translation: Vec3(
                -4.1206765,
                4.499867,
                2.9368165,
            ),
            rotation: Quat(
                -1.8833022e-6,
                0.050360065,
                8.785629e-6,
                0.99873114,
            ),
            scale: Vec3(
                1.0,
                1.0,
                1.0,
            ),
        },
    ),
    (
        Id(
            36,
        ),
        Transform {
            translation: Vec3(
                -2.0982618,
                4.4999485,
                -4.5954814,
            ),
            rotation: Quat(
                0.0008569843,
                0.07476338,
                0.0003668467,
                0.99720085,
            ),
            scale: Vec3(
                1.0,
                1.0,
                1.0,
            ),
        },
    ),
    (
        Id(
            37,
        ),
        Transform {
            translation: Vec3(
                -2.0418162,
                4.499855,
                -1.9817297,
            ),
            rotation: Quat(
                3.1433286e-5,
                0.023295468,
                4.817175e-6,
                0.9997286,
            ),
            scale: Vec3(
                1.0,
                1.0,
                1.0,
            ),
        },
    ),
    (
        Id(
            38,
        ),
        Transform {
            translation: Vec3(
                -2.2922916,
                4.4996166,
                0.123583816,
            ),
            rotation: Quat(
                -0.00014370061,
                0.0006513288,
                -5.3522206e-5,
                0.99999976,
            ),
            scale: Vec3(
                1.0,
                1.0,
                1.0,
            ),
        },
    ),
    (
        Id(
            39,
        ),
        Transform {
            translation: Vec3(
                -1.9065185,
                4.499897,
                2.948519,
            ),
            rotation: Quat(
                7.2758303e-6,
                0.16466804,
                -1.0518872e-5,
                0.98634905,
            ),
            scale: Vec3(
                1.0,
                1.0,
                1.0,
            ),
        },
    ),
    (
        Id(
            40,
        ),
        Transform {
            translation: Vec3(
                0.084558636,
                4.499845,
                -4.2212543,
            ),
            rotation: Quat(
                5.0826264e-5,
                0.0032887203,
                -1.1353104e-6,
                0.9999946,
            ),
            scale: Vec3(
                1.0,
                1.0,
                1.0,
            ),
        },
    ),
    (
        Id(
            41,
        ),
        Transform {
            translation: Vec3(
                0.046418056,
                4.4998946,
                -1.9996858,
            ),
            rotation: Quat(
                1.8233854e-5,
                0.033099268,
                -2.5970241e-5,
                0.99945205,
            ),
            scale: Vec3(
                1.0,
                1.0,
                1.0,
            ),
        },
    ),
    (
        Id(
            42,
        ),
        Transform {
            translation: Vec3(
                0.115307376,
                4.499905,
                0.15320742,
            ),
            rotation: Quat(
                1.3577231e-5,
                0.06730782,
                -3.2129797e-6,
                0.9977323,
            ),
            scale: Vec3(
                1.0,
                1.0,
                1.0,
            ),
        },
    ),
    (
        Id(
            43,
        ),
        Transform {
            translation: Vec3(
                0.1633159,
                4.4999037,
                2.5240226,
            ),
            rotation: Quat(
                5.585338e-6,
                0.12953368,
                -8.621638e-6,
                0.991575,
            ),
            scale: Vec3(
                1.0,
                1.0,
                1.0,
            ),
        },
    ),
    (
        Id(
            44,
        ),
        Transform {
            translation: Vec3(
                2.4627173,
                4.523821,
                -4.223433,
            ),
            rotation: Quat(
                0.002565093,
                0.12797171,
                -0.0035405958,
                0.9917682,
            ),
            scale: Vec3(
                1.0,
                1.0,
                1.0,
            ),
        },
    ),
    (
        Id(
            45,
        ),
        Transform {
            translation: Vec3(
                2.2974544,
                4.4999475,
                -2.0317554,
            ),
            rotation: Quat(
                7.264934e-6,
                0.04885285,
                -1.3812624e-5,
                0.998806,
            ),
            scale: Vec3(
                1.0,
                1.0,
                1.0,
            ),
        },
    ),
    (
        Id(
            46,
        ),
        Transform {
            translation: Vec3(
                2.2948377,
                4.499882,
                0.19410415,
            ),
            rotation: Quat(
                -1.9167567e-6,
                0.07155434,
                -2.2111035e-6,
                0.9974367,
            ),
            scale: Vec3(
                1.0,
                1.0,
                1.0,
            ),
        },
    ),
    (
        Id(
            47,
        ),
        Transform {
            translation: Vec3(
                2.3714726,
                4.4999046,
                2.3423145,
            ),
            rotation: Quat(
                3.7926222e-6,
                0.105108425,
                -1.8758468e-5,
                0.99446076,
            ),
            scale: Vec3(
                1.0,
                1.0,
                1.0,
            ),
        },
    ),
    (
        Id(
            48,
        ),
        Transform {
            translation: Vec3(
                -4.4638953,
                6.499873,
                -4.0630817,
            ),
            rotation: Quat(
                -1.0684977e-6,
                -0.03946447,
                -8.834009e-6,
                0.99922097,
            ),
            scale: Vec3(
                1.0,
                1.0,
                1.0,
            ),
        },
    ),
    (
        Id(
            49,
        ),
        Transform {
            translation: Vec3(
                -4.541287,
                6.499911,
                -1.8390753,
            ),
            rotation: Quat(
                -2.7836097e-6,
                -0.07500307,
                3.1182046e-6,
                0.9971833,
            ),
            scale: Vec3(
                1.0,
                1.0,
                1.0,
            ),
        },
    ),
    (
        Id(
            50,
        ),
        Transform {
            translation: Vec3(
                -4.4054413,
                6.499905,
                0.5342264,
            ),
            rotation: Quat(
                1.0029094e-5,
                -0.028178202,
                -8.311371e-7,
                0.9996029,
            ),
            scale: Vec3(
                1.0,
                1.0,
                1.0,
            ),
        },
    ),
    (
        Id(
            51,
        ),
        Transform {
            translation: Vec3(
                -4.4478917,
                6.4998593,
                2.6989908,
            ),
            rotation: Quat(
                1.7115982e-6,
                0.015391452,
                6.6103903e-6,
                0.99988157,
            ),
            scale: Vec3(
                1.0,
                1.0,
                1.0,
            ),
        },
    ),
    (
        Id(
            52,
        ),
        Transform {
            translation: Vec3(
                -2.0118814,
                6.4996743,
                -4.408518,
            ),
            rotation: Quat(
                0.0008833011,
                0.0048433905,
                0.00030778215,
                0.99998784,
            ),
            scale: Vec3(
                1.0,
                1.0,
                1.0,
            ),
        },
    ),
    (
        Id(
            53,
        ),
        Transform {
            translation: Vec3(
                -2.0685985,
                6.4998636,
                -2.0412266,
            ),
            rotation: Quat(
                3.2721695e-5,
                -0.016413745,
                6.26121e-7,
                0.9998653,
            ),
            scale: Vec3(
                1.0,
                1.0,
                1.0,
            ),
        },
    ),
    (
        Id(
            54,
        ),
        Transform {
            translation: Vec3(
                -2.1621423,
                6.4998426,
                -0.009622783,
            ),
            rotation: Quat(
                -6.4502156e-6,
                -0.03323228,
                -4.2704098e-5,
                0.99944764,
            ),
            scale: Vec3(
                1.0,
                1.0,
                1.0,
            ),
        },
    ),
    (
        Id(
            55,
        ),
        Transform {
            translation: Vec3(
                -2.4178045,
                6.4998765,
                2.3701563,
            ),
            rotation: Quat(
                3.315791e-6,
                0.01670394,
                -1.0139086e-5,
                0.99986047,
            ),
            scale: Vec3(
                1.0,
                1.0,
                1.0,
            ),
        },
    ),
    (
        Id(
            56,
        ),
        Transform {
            translation: Vec3(
                0.15457933,
                6.4998455,
                -4.2195,
            ),
            rotation: Quat(
                5.3893982e-5,
                -0.009229558,
                -5.5537885e-6,
                0.9999574,
            ),
            scale: Vec3(
                1.0,
                1.0,
                1.0,
            ),
        },
    ),
    (
        Id(
            57,
        ),
        Transform {
            translation: Vec3(
                0.020253193,
                6.4998994,
                -2.1103811,
            ),
            rotation: Quat(
                1.13126125e-5,
                -0.008870928,
                -2.4882505e-5,
                0.99996066,
            ),
            scale: Vec3(
                1.0,
                1.0,
                1.0,
            ),
        },
    ),
    (
        Id(
            58,
        ),
        Transform {
            translation: Vec3(
                0.3434779,
                6.4999046,
                0.15167767,
            ),
            rotation: Quat(
                1.3513705e-5,
                0.004419541,
                -5.4249876e-6,
                0.9999902,
            ),
            scale: Vec3(
                1.0,
                1.0,
                1.0,
            ),
        },
    ),
    (
        Id(
            59,
        ),
        Transform {
            translation: Vec3(
                0.045836154,
                6.499876,
                2.372979,
            ),
            rotation: Quat(
                3.31346e-6,
                0.080713205,
                -7.773753e-6,
                0.99673736,
            ),
            scale: Vec3(
                1.0,
                1.0,
                1.0,
            ),
        },
    ),
    (
        Id(
            60,
        ),
        Transform {
            translation: Vec3(
                2.69063,
                6.5255804,
                -4.4832582,
            ),
            rotation: Quat(
                0.0036721418,
                0.35055444,
                -0.0024414826,
                0.93653196,
            ),
            scale: Vec3(
                1.0,
                1.0,
                1.0,
            ),
        },
    ),
    (
        Id(
            61,
        ),
        Transform {
            translation: Vec3(
                2.4816194,
                6.5043006,
                -1.9823791,
            ),
            rotation: Quat(
                -0.00030939886,
                0.041006003,
                -0.0017860039,
                0.99915725,
            ),
            scale: Vec3(
                1.0,
                1.0,
                1.0,
            ),
        },
    ),
    (
        Id(
            62,
        ),
        Transform {
            translation: Vec3(
                2.3744953,
                6.4998674,
                0.0644396,
            ),
            rotation: Quat(
                7.2211146e-6,
                0.020571178,
                -3.6073593e-6,
                0.9997884,
            ),
            scale: Vec3(
                1.0,
                1.0,
                1.0,
            ),
        },
    ),
    (
        Id(
            63,
        ),
        Transform {
            translation: Vec3(
                2.472841,
                6.4999046,
                2.422926,
            ),
            rotation: Quat(
                5.2217392e-6,
                0.17963935,
                -2.0568676e-5,
                0.9837325,
            ),
            scale: Vec3(
                1.0,
                1.0,
                1.0,
            ),
        },
    ),
]
